  ╨Ю╨┐╤А╨╡╨┤╨╡╨╗╨╡╨╜╨╕╨╡ ╨┐╤А╨╛╨╡╨║╤В╨╛╨▓ ╨┤╨╗╤П ╨▓╨╛╤Б╤Б╤В╨░╨╜╨╛╨▓╨╗╨╡╨╜╨╕╤П...
  ╨Т╤Б╨╡ ╨┐╤А╨╛╨╡╨║╤В╤Л ╨╛╨▒╨╜╨╛╨▓╨╗╨╡╨╜╤Л ╨┤╨╗╤П ╨▓╨╛╤Б╤Б╤В╨░╨╜╨╛╨▓╨╗╨╡╨╜╨╕╤П.
C:\Users\shado\Desktop\vsquest\src\Entity\Behavior\Boss\Abilities\Combat\EntityBehaviorBossSurroundedResponse.cs(11,18): error CS0534: "EntityBehaviorBossSurroundedResponse" ╨╜╨╡ ╤А╨╡╨░╨╗╨╕╨╖╤Г╨╡╤В ╨╜╨░╤Б╨╗╨╡╨┤╤Г╨╡╨╝╤Л╨╣ ╨░╨▒╤Б╤В╤А╨░╨║╤В╨╜╤Л╨╣ ╤З╨╗╨╡╨╜ "BossAbilityBase.StopAbility()". [C:\Users\shado\Desktop\vsquest\vsquest.csproj]
C:\Users\shado\Desktop\vsquest\src\Entity\Behavior\Boss\Abilities\Combat\EntityBehaviorBossTeleport.cs(431,22): warning CS0108: "EntityBehaviorBossTeleport.TryPlayAnimation(string)" ╤Б╨║╤А╤Л╨▓╨░╨╡╤В ╨╜╨░╤Б╨╗╨╡╨┤╤Г╨╡╨╝╤Л╨╣ ╤З╨╗╨╡╨╜ "BossAbilityBase.TryPlayAnimation(string)". ╨Х╤Б╨╗╨╕ ╤Б╨║╤А╤Л╤В╨╕╨╡ ╨▒╤Л╨╗╨╛ ╨╜╨░╨╝╨╡╤А╨╡╨╜╨╜╤Л╨╝, ╨╕╤Б╨┐╨╛╨╗╤М╨╖╤Г╨╣╤В╨╡ ╨║╨╗╤О╤З╨╡╨▓╨╛╨╡ ╤Б╨╗╨╛╨▓╨╛ new. [C:\Users\shado\Desktop\vsquest\vsquest.csproj]
C:\Users\shado\Desktop\vsquest\src\Entity\Behavior\Boss\Abilities\Combat\EntityBehaviorBossTrapClone.cs(851,22): warning CS0108: "EntityBehaviorBossTrapClone.TryPlayAnimation(string)" ╤Б╨║╤А╤Л╨▓╨░╨╡╤В ╨╜╨░╤Б╨╗╨╡╨┤╤Г╨╡╨╝╤Л╨╣ ╤З╨╗╨╡╨╜ "BossAbilityBase.TryPlayAnimation(string)". ╨Х╤Б╨╗╨╕ ╤Б╨║╤А╤Л╤В╨╕╨╡ ╨▒╤Л╨╗╨╛ ╨╜╨░╨╝╨╡╤А╨╡╨╜╨╜╤Л╨╝, ╨╕╤Б╨┐╨╛╨╗╤М╨╖╤Г╨╣╤В╨╡ ╨║╨╗╤О╤З╨╡╨▓╨╛╨╡ ╤Б╨╗╨╛╨▓╨╛ new. [C:\Users\shado\Desktop\vsquest\vsquest.csproj]
C:\Users\shado\Desktop\vsquest\src\Entity\Behavior\Boss\Abilities\Combat\EntityBehaviorBossTrapClone.cs(12,18): error CS0534: "EntityBehaviorBossTrapClone" ╨╜╨╡ ╤А╨╡╨░╨╗╨╕╨╖╤Г╨╡╤В ╨╜╨░╤Б╨╗╨╡╨┤╤Г╨╡╨╝╤Л╨╣ ╨░╨▒╤Б╤В╤А╨░╨║╤В╨╜╤Л╨╣ ╤З╨╗╨╡╨╜ "BossAbilityBase.ActivateAbility(object, int, EntityPlayer)". [C:\Users\shado\Desktop\vsquest\vsquest.csproj]
C:\Users\shado\Desktop\vsquest\src\Entity\Behavior\Boss\Abilities\Combat\EntityBehaviorBossTrapClone.cs(12,18): error CS0534: "EntityBehaviorBossTrapClone" ╨╜╨╡ ╤А╨╡╨░╨╗╨╕╨╖╤Г╨╡╤В ╨╜╨░╤Б╨╗╨╡╨┤╤Г╨╡╨╝╤Л╨╣ ╨░╨▒╤Б╤В╤А╨░╨║╤В╨╜╤Л╨╣ ╤З╨╗╨╡╨╜ "BossAbilityBase.StopAbility()". [C:\Users\shado\Desktop\vsquest\vsquest.csproj]
C:\Users\shado\Desktop\vsquest\src\Systems\Registry\QuestActions\Handlers\Player\AllowCharSelOnceAction.cs(5,43): error CS0246: ╨Э╨╡ ╤Г╨┤╨░╨╗╨╛╤Б╤М ╨╜╨░╨╣╤В╨╕ ╤В╨╕╨┐ ╨╕╨╗╨╕ ╨╕╨╝╤П ╨┐╤А╨╛╤Б╤В╤А╨░╨╜╤Б╤В╨▓╨░ ╨╕╨╝╨╡╨╜ "PlayerActionBase" (╨▓╨╛╨╖╨╝╨╛╨╢╨╜╨╛, ╨╛╤В╤Б╤Г╤В╤Б╤В╨▓╤Г╨╡╤В ╨┤╨╕╤А╨╡╨║╤В╨╕╨▓╨░ using ╨╕╨╗╨╕ ╤Б╤Б╤Л╨╗╨║╨░ ╨╜╨░ ╤Б╨▒╨╛╤А╨║╤Г). [C:\Users\shado\Desktop\vsquest\vsquest.csproj]
C:\Users\shado\Desktop\vsquest\src\Systems\Registry\QuestActions\Handlers\Player\HealPlayerAction.cs(6,37): error CS0246: ╨Э╨╡ ╤Г╨┤╨░╨╗╨╛╤Б╤М ╨╜╨░╨╣╤В╨╕ ╤В╨╕╨┐ ╨╕╨╗╨╕ ╨╕╨╝╤П ╨┐╤А╨╛╤Б╤В╤А╨░╨╜╤Б╤В╨▓╨░ ╨╕╨╝╨╡╨╜ "PlayerActionBase" (╨▓╨╛╨╖╨╝╨╛╨╢╨╜╨╛, ╨╛╤В╤Б╤Г╤В╤Б╤В╨▓╤Г╨╡╤В ╨┤╨╕╤А╨╡╨║╤В╨╕╨▓╨░ using ╨╕╨╗╨╕ ╤Б╤Б╤Л╨╗╨║╨░ ╨╜╨░ ╤Б╨▒╨╛╤А╨║╤Г). [C:\Users\shado\Desktop\vsquest\vsquest.csproj]
C:\Users\shado\Desktop\vsquest\src\Systems\Registry\QuestActions\Handlers\Player\LandClaimAllowanceAction.cs(7,45): error CS0246: ╨Э╨╡ ╤Г╨┤╨░╨╗╨╛╤Б╤М ╨╜╨░╨╣╤В╨╕ ╤В╨╕╨┐ ╨╕╨╗╨╕ ╨╕╨╝╤П ╨┐╤А╨╛╤Б╤В╤А╨░╨╜╤Б╤В╨▓╨░ ╨╕╨╝╨╡╨╜ "PlayerActionBase" (╨▓╨╛╨╖╨╝╨╛╨╢╨╜╨╛, ╨╛╤В╤Б╤Г╤В╤Б╤В╨▓╤Г╨╡╤В ╨┤╨╕╤А╨╡╨║╤В╨╕╨▓╨░ using ╨╕╨╗╨╕ ╤Б╤Б╤Л╨╗╨║╨░ ╨╜╨░ ╤Б╨▒╨╛╤А╨║╤Г). [C:\Users\shado\Desktop\vsquest\vsquest.csproj]
C:\Users\shado\Desktop\vsquest\src\Entity\Behavior\Boss\Abilities\Combat\EntityBehaviorBossFakeTeleport.cs(27,26): warning CS0108: "EntityBehaviorBossFakeTeleport.Stage.minTargetRange" ╤Б╨║╤А╤Л╨▓╨░╨╡╤В ╨╜╨░╤Б╨╗╨╡╨┤╤Г╨╡╨╝╤Л╨╣ ╤З╨╗╨╡╨╜ "BossAbilityStage.minTargetRange". ╨Х╤Б╨╗╨╕ ╤Б╨║╤А╤Л╤В╨╕╨╡ ╨▒╤Л╨╗╨╛ ╨╜╨░╨╝╨╡╤А╨╡╨╜╨╜╤Л╨╝, ╨╕╤Б╨┐╨╛╨╗╤М╨╖╤Г╨╣╤В╨╡ ╨║╨╗╤О╤З╨╡╨▓╨╛╨╡ ╤Б╨╗╨╛╨▓╨╛ new. [C:\Users\shado\Desktop\vsquest\vsquest.csproj]
C:\Users\shado\Desktop\vsquest\src\Entity\Behavior\Boss\Abilities\Combat\EntityBehaviorBossFakeTeleport.cs(28,26): warning CS0108: "EntityBehaviorBossFakeTeleport.Stage.maxTargetRange" ╤Б╨║╤А╤Л╨▓╨░╨╡╤В ╨╜╨░╤Б╨╗╨╡╨┤╤Г╨╡╨╝╤Л╨╣ ╤З╨╗╨╡╨╜ "BossAbilityStage.maxTargetRange". ╨Х╤Б╨╗╨╕ ╤Б╨║╤А╤Л╤В╨╕╨╡ ╨▒╤Л╨╗╨╛ ╨╜╨░╨╝╨╡╤А╨╡╨╜╨╜╤Л╨╝, ╨╕╤Б╨┐╨╛╨╗╤М╨╖╤Г╨╣╤В╨╡ ╨║╨╗╤О╤З╨╡╨▓╨╛╨╡ ╤Б╨╗╨╛╨▓╨╛ new. [C:\Users\shado\Desktop\vsquest\vsquest.csproj]
C:\Users\shado\Desktop\vsquest\src\Systems\Registry\QuestActions\Handlers\Player\LandClaimMaxAreasAction.cs(7,44): error CS0246: ╨Э╨╡ ╤Г╨┤╨░╨╗╨╛╤Б╤М ╨╜╨░╨╣╤В╨╕ ╤В╨╕╨┐ ╨╕╨╗╨╕ ╨╕╨╝╤П ╨┐╤А╨╛╤Б╤В╤А╨░╨╜╤Б╤В╨▓╨░ ╨╕╨╝╨╡╨╜ "PlayerActionBase" (╨▓╨╛╨╖╨╝╨╛╨╢╨╜╨╛, ╨╛╤В╤Б╤Г╤В╤Б╤В╨▓╤Г╨╡╤В ╨┤╨╕╤А╨╡╨║╤В╨╕╨▓╨░ using ╨╕╨╗╨╕ ╤Б╤Б╤Л╨╗╨║╨░ ╨╜╨░ ╤Б╨▒╨╛╤А╨║╤Г). [C:\Users\shado\Desktop\vsquest\vsquest.csproj]
C:\Users\shado\Desktop\vsquest\src\Entity\Behavior\Boss\Abilities\Combat\EntityBehaviorExplodeOnDeath.cs(42,17): error CS0246: ╨Э╨╡ ╤Г╨┤╨░╨╗╨╛╤Б╤М ╨╜╨░╨╣╤В╨╕ ╤В╨╕╨┐ ╨╕╨╗╨╕ ╨╕╨╝╤П ╨┐╤А╨╛╤Б╤В╤А╨░╨╜╤Б╤В╨▓╨░ ╨╕╨╝╨╡╨╜ "List<>" (╨▓╨╛╨╖╨╝╨╛╨╢╨╜╨╛, ╨╛╤В╤Б╤Г╤В╤Б╤В╨▓╤Г╨╡╤В ╨┤╨╕╤А╨╡╨║╤В╨╕╨▓╨░ using ╨╕╨╗╨╕ ╤Б╤Б╤Л╨╗╨║╨░ ╨╜╨░ ╤Б╨▒╨╛╤А╨║╤Г). [C:\Users\shado\Desktop\vsquest\vsquest.csproj]
C:\Users\shado\Desktop\vsquest\src\Systems\Registry\QuestActions\Handlers\Player\RemovePlayerAttributeAction.cs(5,48): error CS0246: ╨Э╨╡ ╤Г╨┤╨░╨╗╨╛╤Б╤М ╨╜╨░╨╣╤В╨╕ ╤В╨╕╨┐ ╨╕╨╗╨╕ ╨╕╨╝╤П ╨┐╤А╨╛╤Б╤В╤А╨░╨╜╤Б╤В╨▓╨░ ╨╕╨╝╨╡╨╜ "PlayerActionBase" (╨▓╨╛╨╖╨╝╨╛╨╢╨╜╨╛, ╨╛╤В╤Б╤Г╤В╤Б╤В╨▓╤Г╨╡╤В ╨┤╨╕╤А╨╡╨║╤В╨╕╨▓╨░ using ╨╕╨╗╨╕ ╤Б╤Б╤Л╨╗╨║╨░ ╨╜╨░ ╤Б╨▒╨╛╤А╨║╤Г). [C:\Users\shado\Desktop\vsquest\vsquest.csproj]
C:\Users\shado\Desktop\vsquest\src\Systems\Registry\QuestActions\Handlers\Player\ResetWalkDistanceQuestAction.cs(5,49): error CS0246: ╨Э╨╡ ╤Г╨┤╨░╨╗╨╛╤Б╤М ╨╜╨░╨╣╤В╨╕ ╤В╨╕╨┐ ╨╕╨╗╨╕ ╨╕╨╝╤П ╨┐╤А╨╛╤Б╤В╤А╨░╨╜╤Б╤В╨▓╨░ ╨╕╨╝╨╡╨╜ "PlayerActionBase" (╨▓╨╛╨╖╨╝╨╛╨╢╨╜╨╛, ╨╛╤В╤Б╤Г╤В╤Б╤В╨▓╤Г╨╡╤В ╨┤╨╕╤А╨╡╨║╤В╨╕╨▓╨░ using ╨╕╨╗╨╕ ╤Б╤Б╤Л╨╗╨║╨░ ╨╜╨░ ╤Б╨▒╨╛╤А╨║╤Г). [C:\Users\shado\Desktop\vsquest\vsquest.csproj]
C:\Users\shado\Desktop\vsquest\src\Entity\Behavior\Boss\Abilities\Defense\EntityBehaviorBossDespair.cs(32,17): error CS0246: ╨Э╨╡ ╤Г╨┤╨░╨╗╨╛╤Б╤М ╨╜╨░╨╣╤В╨╕ ╤В╨╕╨┐ ╨╕╨╗╨╕ ╨╕╨╝╤П ╨┐╤А╨╛╤Б╤В╤А╨░╨╜╤Б╤В╨▓╨░ ╨╕╨╝╨╡╨╜ "List<>" (╨▓╨╛╨╖╨╝╨╛╨╢╨╜╨╛, ╨╛╤В╤Б╤Г╤В╤Б╤В╨▓╤Г╨╡╤В ╨┤╨╕╤А╨╡╨║╤В╨╕╨▓╨░ using ╨╕╨╗╨╕ ╤Б╤Б╤Л╨╗╨║╨░ ╨╜╨░ ╤Б╨▒╨╛╤А╨║╤Г). [C:\Users\shado\Desktop\vsquest\vsquest.csproj]
C:\Users\shado\Desktop\vsquest\src\Systems\Registry\QuestActions\Handlers\Player\AddPlayerIntAction.cs(5,39): error CS0246: ╨Э╨╡ ╤Г╨┤╨░╨╗╨╛╤Б╤М ╨╜╨░╨╣╤В╨╕ ╤В╨╕╨┐ ╨╕╨╗╨╕ ╨╕╨╝╤П ╨┐╤А╨╛╤Б╤В╤А╨░╨╜╤Б╤В╨▓╨░ ╨╕╨╝╨╡╨╜ "PlayerActionBase" (╨▓╨╛╨╖╨╝╨╛╨╢╨╜╨╛, ╨╛╤В╤Б╤Г╤В╤Б╤В╨▓╤Г╨╡╤В ╨┤╨╕╤А╨╡╨║╤В╨╕╨▓╨░ using ╨╕╨╗╨╕ ╤Б╤Б╤Л╨╗╨║╨░ ╨╜╨░ ╤Б╨▒╨╛╤А╨║╤Г). [C:\Users\shado\Desktop\vsquest\vsquest.csproj]
C:\Users\shado\Desktop\vsquest\src\Entity\Behavior\Boss\Abilities\Defense\EntityBehaviorBossDespair.cs(33,22): error CS0102: ╨в╨╕╨┐ "EntityBehaviorBossDespair" ╤Г╨╢╨╡ ╤Б╨╛╨┤╨╡╤А╨╢╨╕╤В ╨╛╨┐╤А╨╡╨┤╨╡╨╗╨╡╨╜╨╕╨╡ ╨┤╨╗╤П "soundLoopListenerId". [C:\Users\shado\Desktop\vsquest\vsquest.csproj]
C:\Users\shado\Desktop\vsquest\src\Entity\Behavior\Boss\Abilities\Defense\EntityBehaviorBossDespair.cs(194,32): error CS0111: ╨в╨╕╨┐ "EntityBehaviorBossDespair" ╤Г╨╢╨╡ ╨╛╨┐╤А╨╡╨┤╨╡╨╗╤П╨╡╤В ╤З╨╗╨╡╨╜ "GetStageCount" ╤Б ╤В╨░╨║╨╕╨╝╨╕ ╨╢╨╡ ╤В╨╕╨┐╨░╨╝╨╕ ╨┐╨░╤А╨░╨╝╨╡╤В╤А╨╛╨▓. [C:\Users\shado\Desktop\vsquest\vsquest.csproj]
C:\Users\shado\Desktop\vsquest\src\Entity\Behavior\Boss\Abilities\Defense\EntityBehaviorBossDespair.cs(195,35): error CS0111: ╨в╨╕╨┐ "EntityBehaviorBossDespair" ╤Г╨╢╨╡ ╨╛╨┐╤А╨╡╨┤╨╡╨╗╤П╨╡╤В ╤З╨╗╨╡╨╜ "GetStage" ╤Б ╤В╨░╨║╨╕╨╝╨╕ ╨╢╨╡ ╤В╨╕╨┐╨░╨╝╨╕ ╨┐╨░╤А╨░╨╝╨╡╤В╤А╨╛╨▓. [C:\Users\shado\Desktop\vsquest\vsquest.csproj]
C:\Users\shado\Desktop\vsquest\src\Entity\Behavior\Boss\Abilities\Defense\EntityBehaviorBossDespair.cs(196,34): error CS0111: ╨в╨╕╨┐ "EntityBehaviorBossDespair" ╤Г╨╢╨╡ ╨╛╨┐╤А╨╡╨┤╨╡╨╗╤П╨╡╤В ╤З╨╗╨╡╨╜ "GetStageHealthThreshold" ╤Б ╤В╨░╨║╨╕╨╝╨╕ ╨╢╨╡ ╤В╨╕╨┐╨░╨╝╨╕ ╨┐╨░╤А╨░╨╝╨╡╤В╤А╨╛╨▓. [C:\Users\shado\Desktop\vsquest\vsquest.csproj]
C:\Users\shado\Desktop\vsquest\src\Entity\Behavior\Boss\Abilities\Defense\EntityBehaviorBossDespair.cs(197,34): error CS0111: ╨в╨╕╨┐ "EntityBehaviorBossDespair" ╤Г╨╢╨╡ ╨╛╨┐╤А╨╡╨┤╨╡╨╗╤П╨╡╤В ╤З╨╗╨╡╨╜ "GetStageCooldown" ╤Б ╤В╨░╨║╨╕╨╝╨╕ ╨╢╨╡ ╤В╨╕╨┐╨░╨╝╨╕ ╨┐╨░╤А╨░╨╝╨╡╤В╤А╨╛╨▓. [C:\Users\shado\Desktop\vsquest\vsquest.csproj]
C:\Users\shado\Desktop\vsquest\src\Entity\Behavior\Boss\Abilities\Defense\EntityBehaviorBossDespair.cs(198,34): error CS0111: ╨в╨╕╨┐ "EntityBehaviorBossDespair" ╤Г╨╢╨╡ ╨╛╨┐╤А╨╡╨┤╨╡╨╗╤П╨╡╤В ╤З╨╗╨╡╨╜ "GetMaxTargetRange" ╤Б ╤В╨░╨║╨╕╨╝╨╕ ╨╢╨╡ ╤В╨╕╨┐╨░╨╝╨╕ ╨┐╨░╤А╨░╨╝╨╡╤В╤А╨╛╨▓. [C:\Users\shado\Desktop\vsquest\vsquest.csproj]
C:\Users\shado\Desktop\vsquest\src\Systems\Registry\QuestActions\Handlers\Player\AddReputationAction.cs(6,40): error CS0246: ╨Э╨╡ ╤Г╨┤╨░╨╗╨╛╤Б╤М ╨╜╨░╨╣╤В╨╕ ╤В╨╕╨┐ ╨╕╨╗╨╕ ╨╕╨╝╤П ╨┐╤А╨╛╤Б╤В╤А╨░╨╜╤Б╤В╨▓╨░ ╨╕╨╝╨╡╨╜ "PlayerActionBase" (╨▓╨╛╨╖╨╝╨╛╨╢╨╜╨╛, ╨╛╤В╤Б╤Г╤В╤Б╤В╨▓╤Г╨╡╤В ╨┤╨╕╤А╨╡╨║╤В╨╕╨▓╨░ using ╨╕╨╗╨╕ ╤Б╤Б╤Л╨╗╨║╨░ ╨╜╨░ ╤Б╨▒╨╛╤А╨║╤Г). [C:\Users\shado\Desktop\vsquest\vsquest.csproj]
C:\Users\shado\Desktop\vsquest\src\Entity\Behavior\Boss\Abilities\Phases\EntityBehaviorBossRespawn.cs(36,17): error CS0246: ╨Э╨╡ ╤Г╨┤╨░╨╗╨╛╤Б╤М ╨╜╨░╨╣╤В╨╕ ╤В╨╕╨┐ ╨╕╨╗╨╕ ╨╕╨╝╤П ╨┐╤А╨╛╤Б╤В╤А╨░╨╜╤Б╤В╨▓╨░ ╨╕╨╝╨╡╨╜ "List<>" (╨▓╨╛╨╖╨╝╨╛╨╢╨╜╨╛, ╨╛╤В╤Б╤Г╤В╤Б╤В╨▓╤Г╨╡╤В ╨┤╨╕╤А╨╡╨║╤В╨╕╨▓╨░ using ╨╕╨╗╨╕ ╤Б╤Б╤Л╨╗╨║╨░ ╨╜╨░ ╤Б╨▒╨╛╤А╨║╤Г). [C:\Users\shado\Desktop\vsquest\vsquest.csproj]
C:\Users\shado\Desktop\vsquest\src\Entity\Behavior\Boss\Abilities\Combat\EntityBehaviorBossPushback.cs(11,18): error CS0534: "EntityBehaviorBossPushback" ╨╜╨╡ ╤А╨╡╨░╨╗╨╕╨╖╤Г╨╡╤В ╨╜╨░╤Б╨╗╨╡╨┤╤Г╨╡╨╝╤Л╨╣ ╨░╨▒╤Б╤В╤А╨░╨║╤В╨╜╤Л╨╣ ╤З╨╗╨╡╨╜ "BossAbilityBase.StopAbility()". [C:\Users\shado\Desktop\vsquest\vsquest.csproj]
C:\Users\shado\Desktop\vsquest\src\Entity\Behavior\Boss\Abilities\Rituals\EntityBehaviorBossCloning.cs(149,34): error CS0246: ╨Э╨╡ ╤Г╨┤╨░╨╗╨╛╤Б╤М ╨╜╨░╨╣╤В╨╕ ╤В╨╕╨┐ ╨╕╨╗╨╕ ╨╕╨╝╤П ╨┐╤А╨╛╤Б╤В╤А╨░╨╜╤Б╤В╨▓╨░ ╨╕╨╝╨╡╨╜ "CloneStage" (╨▓╨╛╨╖╨╝╨╛╨╢╨╜╨╛, ╨╛╤В╤Б╤Г╤В╤Б╤В╨▓╤Г╨╡╤В ╨┤╨╕╤А╨╡╨║╤В╨╕╨▓╨░ using ╨╕╨╗╨╕ ╤Б╤Б╤Л╨╗╨║╨░ ╨╜╨░ ╤Б╨▒╨╛╤А╨║╤Г). [C:\Users\shado\Desktop\vsquest\vsquest.csproj]
C:\Users\shado\Desktop\vsquest\src\Entity\Behavior\Boss\Abilities\Phases\EntityBehaviorBossCastPhase.cs(210,22): warning CS0108: "EntityBehaviorBossCastPhase.TryPlayAnimation(string)" ╤Б╨║╤А╤Л╨▓╨░╨╡╤В ╨╜╨░╤Б╨╗╨╡╨┤╤Г╨╡╨╝╤Л╨╣ ╤З╨╗╨╡╨╜ "BossAbilityBase.TryPlayAnimation(string)". ╨Х╤Б╨╗╨╕ ╤Б╨║╤А╤Л╤В╨╕╨╡ ╨▒╤Л╨╗╨╛ ╨╜╨░╨╝╨╡╤А╨╡╨╜╨╜╤Л╨╝, ╨╕╤Б╨┐╨╛╨╗╤М╨╖╤Г╨╣╤В╨╡ ╨║╨╗╤О╤З╨╡╨▓╨╛╨╡ ╤Б╨╗╨╛╨▓╨╛ new. [C:\Users\shado\Desktop\vsquest\vsquest.csproj]
C:\Users\shado\Desktop\vsquest\src\Entity\Behavior\Boss\Abilities\Combat\EntityBehaviorBossRandomLightning.cs(54,17): error CS0246: ╨Э╨╡ ╤Г╨┤╨░╨╗╨╛╤Б╤М ╨╜╨░╨╣╤В╨╕ ╤В╨╕╨┐ ╨╕╨╗╨╕ ╨╕╨╝╤П ╨┐╤А╨╛╤Б╤В╤А╨░╨╜╤Б╤В╨▓╨░ ╨╕╨╝╨╡╨╜ "WeatherSystem" (╨▓╨╛╨╖╨╝╨╛╨╢╨╜╨╛, ╨╛╤В╤Б╤Г╤В╤Б╤В╨▓╤Г╨╡╤В ╨┤╨╕╤А╨╡╨║╤В╨╕╨▓╨░ using ╨╕╨╗╨╕ ╤Б╤Б╤Л╨╗╨║╨░ ╨╜╨░ ╤Б╨▒╨╛╤А╨║╤Г). [C:\Users\shado\Desktop\vsquest\vsquest.csproj]
C:\Users\shado\Desktop\vsquest\src\Entity\Behavior\Boss\Abilities\Rituals\EntityBehaviorBossGrowthRitual.cs(558,22): warning CS0108: "EntityBehaviorBossGrowthRitual.TryGetHealthFraction(out float)" ╤Б╨║╤А╤Л╨▓╨░╨╡╤В ╨╜╨░╤Б╨╗╨╡╨┤╤Г╨╡╨╝╤Л╨╣ ╤З╨╗╨╡╨╜ "BossAbilityBase.TryGetHealthFraction(out float)". ╨Х╤Б╨╗╨╕ ╤Б╨║╤А╤Л╤В╨╕╨╡ ╨▒╤Л╨╗╨╛ ╨╜╨░╨╝╨╡╤А╨╡╨╜╨╜╤Л╨╝, ╨╕╤Б╨┐╨╛╨╗╤М╨╖╤Г╨╣╤В╨╡ ╨║╨╗╤О╤З╨╡╨▓╨╛╨╡ ╤Б╨╗╨╛╨▓╨╛ new. [C:\Users\shado\Desktop\vsquest\vsquest.csproj]
C:\Users\shado\Desktop\vsquest\src\Entity\Behavior\Boss\Abilities\Phases\EntityBehaviorBossFormSwap.cs(48,17): error CS0246: ╨Э╨╡ ╤Г╨┤╨░╨╗╨╛╤Б╤М ╨╜╨░╨╣╤В╨╕ ╤В╨╕╨┐ ╨╕╨╗╨╕ ╨╕╨╝╤П ╨┐╤А╨╛╤Б╤В╤А╨░╨╜╤Б╤В╨▓╨░ ╨╕╨╝╨╡╨╜ "List<>" (╨▓╨╛╨╖╨╝╨╛╨╢╨╜╨╛, ╨╛╤В╤Б╤Г╤В╤Б╤В╨▓╤Г╨╡╤В ╨┤╨╕╤А╨╡╨║╤В╨╕╨▓╨░ using ╨╕╨╗╨╕ ╤Б╤Б╤Л╨╗╨║╨░ ╨╜╨░ ╤Б╨▒╨╛╤А╨║╤Г). [C:\Users\shado\Desktop\vsquest\vsquest.csproj]
C:\Users\shado\Desktop\vsquest\src\Entity\Behavior\Boss\Abilities\Rituals\EntityBehaviorBossPeriodicSpawn.cs(114,36): error CS0246: ╨Э╨╡ ╤Г╨┤╨░╨╗╨╛╤Б╤М ╨╜╨░╨╣╤В╨╕ ╤В╨╕╨┐ ╨╕╨╗╨╕ ╨╕╨╝╤П ╨┐╤А╨╛╤Б╤В╤А╨░╨╜╤Б╤В╨▓╨░ ╨╕╨╝╨╡╨╜ "SpawnStage" (╨▓╨╛╨╖╨╝╨╛╨╢╨╜╨╛, ╨╛╤В╤Б╤Г╤В╤Б╤В╨▓╤Г╨╡╤В ╨┤╨╕╤А╨╡╨║╤В╨╕╨▓╨░ using ╨╕╨╗╨╕ ╤Б╤Б╤Л╨╗╨║╨░ ╨╜╨░ ╤Б╨▒╨╛╤А╨║╤Г). [C:\Users\shado\Desktop\vsquest\vsquest.csproj]
C:\Users\shado\Desktop\vsquest\src\Entity\Behavior\Boss\Abilities\Rituals\EntityBehaviorBossSummonRitual.cs(563,22): warning CS0108: "EntityBehaviorBossSummonRitual.TryPlayAnimation(string)" ╤Б╨║╤А╤Л╨▓╨░╨╡╤В ╨╜╨░╤Б╨╗╨╡╨┤╤Г╨╡╨╝╤Л╨╣ ╤З╨╗╨╡╨╜ "BossAbilityBase.TryPlayAnimation(string)". ╨Х╤Б╨╗╨╕ ╤Б╨║╤А╤Л╤В╨╕╨╡ ╨▒╤Л╨╗╨╛ ╨╜╨░╨╝╨╡╤А╨╡╨╜╨╜╤Л╨╝, ╨╕╤Б╨┐╨╛╨╗╤М╨╖╤Г╨╣╤В╨╡ ╨║╨╗╤О╤З╨╡╨▓╨╛╨╡ ╤Б╨╗╨╛╨▓╨╛ new. [C:\Users\shado\Desktop\vsquest\vsquest.csproj]
C:\Users\shado\Desktop\vsquest\src\Entity\Behavior\Boss\Abilities\Unique\EntityBehaviorBossCorpseExplosion.cs(10,18): error CS0534: "EntityBehaviorBossCorpseExplosion" ╨╜╨╡ ╤А╨╡╨░╨╗╨╕╨╖╤Г╨╡╤В ╨╜╨░╤Б╨╗╨╡╨┤╤Г╨╡╨╝╤Л╨╣ ╨░╨▒╤Б╤В╤А╨░╨║╤В╨╜╤Л╨╣ ╤З╨╗╨╡╨╜ "BossAbilityBase.StopAbility()". [C:\Users\shado\Desktop\vsquest\vsquest.csproj]
C:\Users\shado\Desktop\vsquest\src\Entity\Behavior\Boss\Abilities\Unique\EntityBehaviorBossCorpseExplosion.cs(12,26): error CS0246: ╨Э╨╡ ╤Г╨┤╨░╨╗╨╛╤Б╤М ╨╜╨░╨╣╤В╨╕ ╤В╨╕╨┐ ╨╕╨╗╨╕ ╨╕╨╝╤П ╨┐╤А╨╛╤Б╤В╤А╨░╨╜╤Б╤В╨▓╨░ ╨╕╨╝╨╡╨╜ "List<>" (╨▓╨╛╨╖╨╝╨╛╨╢╨╜╨╛, ╨╛╤В╤Б╤Г╤В╤Б╤В╨▓╤Г╨╡╤В ╨┤╨╕╤А╨╡╨║╤В╨╕╨▓╨░ using ╨╕╨╗╨╕ ╤Б╤Б╤Л╨╗╨║╨░ ╨╜╨░ ╤Б╨▒╨╛╤А╨║╤Г). [C:\Users\shado\Desktop\vsquest\vsquest.csproj]
C:\Users\shado\Desktop\vsquest\src\Entity\Behavior\Boss\Abilities\Unique\EntityBehaviorBossRequiemChains.cs(12,18): error CS0534: "EntityBehaviorBossRequiemChains" ╨╜╨╡ ╤А╨╡╨░╨╗╨╕╨╖╤Г╨╡╤В ╨╜╨░╤Б╨╗╨╡╨┤╤Г╨╡╨╝╤Л╨╣ ╨░╨▒╤Б╤В╤А╨░╨║╤В╨╜╤Л╨╣ ╤З╨╗╨╡╨╜ "BossAbilityBase.StopAbility()". [C:\Users\shado\Desktop\vsquest\vsquest.csproj]
C:\Users\shado\Desktop\vsquest\src\Entity\Behavior\Boss\Abilities\Unique\EntityBehaviorBossRequiemChains.cs(21,26): warning CS0108: "EntityBehaviorBossRequiemChains.Stage.whenHealthRelBelow" ╤Б╨║╤А╤Л╨▓╨░╨╡╤В ╨╜╨░╤Б╨╗╨╡╨┤╤Г╨╡╨╝╤Л╨╣ ╤З╨╗╨╡╨╜ "BossAbilityStage.whenHealthRelBelow". ╨Х╤Б╨╗╨╕ ╤Б╨║╤А╤Л╤В╨╕╨╡ ╨▒╤Л╨╗╨╛ ╨╜╨░╨╝╨╡╤А╨╡╨╜╨╜╤Л╨╝, ╨╕╤Б╨┐╨╛╨╗╤М╨╖╤Г╨╣╤В╨╡ ╨║╨╗╤О╤З╨╡╨▓╨╛╨╡ ╤Б╨╗╨╛╨▓╨╛ new. [C:\Users\shado\Desktop\vsquest\vsquest.csproj]
C:\Users\shado\Desktop\vsquest\src\Entity\Behavior\Boss\Abilities\Phases\EntityBehaviorBossRebirth2.cs(58,17): error CS0246: ╨Э╨╡ ╤Г╨┤╨░╨╗╨╛╤Б╤М ╨╜╨░╨╣╤В╨╕ ╤В╨╕╨┐ ╨╕╨╗╨╕ ╨╕╨╝╤П ╨┐╤А╨╛╤Б╤В╤А╨░╨╜╤Б╤В╨▓╨░ ╨╕╨╝╨╡╨╜ "List<>" (╨▓╨╛╨╖╨╝╨╛╨╢╨╜╨╛, ╨╛╤В╤Б╤Г╤В╤Б╤В╨▓╤Г╨╡╤В ╨┤╨╕╤А╨╡╨║╤В╨╕╨▓╨░ using ╨╕╨╗╨╕ ╤Б╤Б╤Л╨╗╨║╨░ ╨╜╨░ ╤Б╨▒╨╛╤А╨║╤Г). [C:\Users\shado\Desktop\vsquest\vsquest.csproj]

╨Ю╤И╨╕╨▒╨║╨░ ╤Б╨▒╨╛╤А╨║╨╕.

C:\Users\shado\Desktop\vsquest\src\Entity\Behavior\Boss\Abilities\Combat\EntityBehaviorBossTeleport.cs(431,22): warning CS0108: "EntityBehaviorBossTeleport.TryPlayAnimation(string)" ╤Б╨║╤А╤Л╨▓╨░╨╡╤В ╨╜╨░╤Б╨╗╨╡╨┤╤Г╨╡╨╝╤Л╨╣ ╤З╨╗╨╡╨╜ "BossAbilityBase.TryPlayAnimation(string)". ╨Х╤Б╨╗╨╕ ╤Б╨║╤А╤Л╤В╨╕╨╡ ╨▒╤Л╨╗╨╛ ╨╜╨░╨╝╨╡╤А╨╡╨╜╨╜╤Л╨╝, ╨╕╤Б╨┐╨╛╨╗╤М╨╖╤Г╨╣╤В╨╡ ╨║╨╗╤О╤З╨╡╨▓╨╛╨╡ ╤Б╨╗╨╛╨▓╨╛ new. [C:\Users\shado\Desktop\vsquest\vsquest.csproj]
C:\Users\shado\Desktop\vsquest\src\Entity\Behavior\Boss\Abilities\Combat\EntityBehaviorBossTrapClone.cs(851,22): warning CS0108: "EntityBehaviorBossTrapClone.TryPlayAnimation(string)" ╤Б╨║╤А╤Л╨▓╨░╨╡╤В ╨╜╨░╤Б╨╗╨╡╨┤╤Г╨╡╨╝╤Л╨╣ ╤З╨╗╨╡╨╜ "BossAbilityBase.TryPlayAnimation(string)". ╨Х╤Б╨╗╨╕ ╤Б╨║╤А╤Л╤В╨╕╨╡ ╨▒╤Л╨╗╨╛ ╨╜╨░╨╝╨╡╤А╨╡╨╜╨╜╤Л╨╝, ╨╕╤Б╨┐╨╛╨╗╤М╨╖╤Г╨╣╤В╨╡ ╨║╨╗╤О╤З╨╡╨▓╨╛╨╡ ╤Б╨╗╨╛╨▓╨╛ new. [C:\Users\shado\Desktop\vsquest\vsquest.csproj]
C:\Users\shado\Desktop\vsquest\src\Entity\Behavior\Boss\Abilities\Combat\EntityBehaviorBossFakeTeleport.cs(27,26): warning CS0108: "EntityBehaviorBossFakeTeleport.Stage.minTargetRange" ╤Б╨║╤А╤Л╨▓╨░╨╡╤В ╨╜╨░╤Б╨╗╨╡╨┤╤Г╨╡╨╝╤Л╨╣ ╤З╨╗╨╡╨╜ "BossAbilityStage.minTargetRange". ╨Х╤Б╨╗╨╕ ╤Б╨║╤А╤Л╤В╨╕╨╡ ╨▒╤Л╨╗╨╛ ╨╜╨░╨╝╨╡╤А╨╡╨╜╨╜╤Л╨╝, ╨╕╤Б╨┐╨╛╨╗╤М╨╖╤Г╨╣╤В╨╡ ╨║╨╗╤О╤З╨╡╨▓╨╛╨╡ ╤Б╨╗╨╛╨▓╨╛ new. [C:\Users\shado\Desktop\vsquest\vsquest.csproj]
C:\Users\shado\Desktop\vsquest\src\Entity\Behavior\Boss\Abilities\Combat\EntityBehaviorBossFakeTeleport.cs(28,26): warning CS0108: "EntityBehaviorBossFakeTeleport.Stage.maxTargetRange" ╤Б╨║╤А╤Л╨▓╨░╨╡╤В ╨╜╨░╤Б╨╗╨╡╨┤╤Г╨╡╨╝╤Л╨╣ ╤З╨╗╨╡╨╜ "BossAbilityStage.maxTargetRange". ╨Х╤Б╨╗╨╕ ╤Б╨║╤А╤Л╤В╨╕╨╡ ╨▒╤Л╨╗╨╛ ╨╜╨░╨╝╨╡╤А╨╡╨╜╨╜╤Л╨╝, ╨╕╤Б╨┐╨╛╨╗╤М╨╖╤Г╨╣╤В╨╡ ╨║╨╗╤О╤З╨╡╨▓╨╛╨╡ ╤Б╨╗╨╛╨▓╨╛ new. [C:\Users\shado\Desktop\vsquest\vsquest.csproj]
C:\Users\shado\Desktop\vsquest\src\Entity\Behavior\Boss\Abilities\Phases\EntityBehaviorBossCastPhase.cs(210,22): warning CS0108: "EntityBehaviorBossCastPhase.TryPlayAnimation(string)" ╤Б╨║╤А╤Л╨▓╨░╨╡╤В ╨╜╨░╤Б╨╗╨╡╨┤╤Г╨╡╨╝╤Л╨╣ ╤З╨╗╨╡╨╜ "BossAbilityBase.TryPlayAnimation(string)". ╨Х╤Б╨╗╨╕ ╤Б╨║╤А╤Л╤В╨╕╨╡ ╨▒╤Л╨╗╨╛ ╨╜╨░╨╝╨╡╤А╨╡╨╜╨╜╤Л╨╝, ╨╕╤Б╨┐╨╛╨╗╤М╨╖╤Г╨╣╤В╨╡ ╨║╨╗╤О╤З╨╡╨▓╨╛╨╡ ╤Б╨╗╨╛╨▓╨╛ new. [C:\Users\shado\Desktop\vsquest\vsquest.csproj]
C:\Users\shado\Desktop\vsquest\src\Entity\Behavior\Boss\Abilities\Rituals\EntityBehaviorBossGrowthRitual.cs(558,22): warning CS0108: "EntityBehaviorBossGrowthRitual.TryGetHealthFraction(out float)" ╤Б╨║╤А╤Л╨▓╨░╨╡╤В ╨╜╨░╤Б╨╗╨╡╨┤╤Г╨╡╨╝╤Л╨╣ ╤З╨╗╨╡╨╜ "BossAbilityBase.TryGetHealthFraction(out float)". ╨Х╤Б╨╗╨╕ ╤Б╨║╤А╤Л╤В╨╕╨╡ ╨▒╤Л╨╗╨╛ ╨╜╨░╨╝╨╡╤А╨╡╨╜╨╜╤Л╨╝, ╨╕╤Б╨┐╨╛╨╗╤М╨╖╤Г╨╣╤В╨╡ ╨║╨╗╤О╤З╨╡╨▓╨╛╨╡ ╤Б╨╗╨╛╨▓╨╛ new. [C:\Users\shado\Desktop\vsquest\vsquest.csproj]
C:\Users\shado\Desktop\vsquest\src\Entity\Behavior\Boss\Abilities\Rituals\EntityBehaviorBossSummonRitual.cs(563,22): warning CS0108: "EntityBehaviorBossSummonRitual.TryPlayAnimation(string)" ╤Б╨║╤А╤Л╨▓╨░╨╡╤В ╨╜╨░╤Б╨╗╨╡╨┤╤Г╨╡╨╝╤Л╨╣ ╤З╨╗╨╡╨╜ "BossAbilityBase.TryPlayAnimation(string)". ╨Х╤Б╨╗╨╕ ╤Б╨║╤А╤Л╤В╨╕╨╡ ╨▒╤Л╨╗╨╛ ╨╜╨░╨╝╨╡╤А╨╡╨╜╨╜╤Л╨╝, ╨╕╤Б╨┐╨╛╨╗╤М╨╖╤Г╨╣╤В╨╡ ╨║╨╗╤О╤З╨╡╨▓╨╛╨╡ ╤Б╨╗╨╛╨▓╨╛ new. [C:\Users\shado\Desktop\vsquest\vsquest.csproj]
C:\Users\shado\Desktop\vsquest\src\Entity\Behavior\Boss\Abilities\Unique\EntityBehaviorBossRequiemChains.cs(21,26): warning CS0108: "EntityBehaviorBossRequiemChains.Stage.whenHealthRelBelow" ╤Б╨║╤А╤Л╨▓╨░╨╡╤В ╨╜╨░╤Б╨╗╨╡╨┤╤Г╨╡╨╝╤Л╨╣ ╤З╨╗╨╡╨╜ "BossAbilityStage.whenHealthRelBelow". ╨Х╤Б╨╗╨╕ ╤Б╨║╤А╤Л╤В╨╕╨╡ ╨▒╤Л╨╗╨╛ ╨╜╨░╨╝╨╡╤А╨╡╨╜╨╜╤Л╨╝, ╨╕╤Б╨┐╨╛╨╗╤М╨╖╤Г╨╣╤В╨╡ ╨║╨╗╤О╤З╨╡╨▓╨╛╨╡ ╤Б╨╗╨╛╨▓╨╛ new. [C:\Users\shado\Desktop\vsquest\vsquest.csproj]
C:\Users\shado\Desktop\vsquest\src\Entity\Behavior\Boss\Abilities\Combat\EntityBehaviorBossSurroundedResponse.cs(11,18): error CS0534: "EntityBehaviorBossSurroundedResponse" ╨╜╨╡ ╤А╨╡╨░╨╗╨╕╨╖╤Г╨╡╤В ╨╜╨░╤Б╨╗╨╡╨┤╤Г╨╡╨╝╤Л╨╣ ╨░╨▒╤Б╤В╤А╨░╨║╤В╨╜╤Л╨╣ ╤З╨╗╨╡╨╜ "BossAbilityBase.StopAbility()". [C:\Users\shado\Desktop\vsquest\vsquest.csproj]
C:\Users\shado\Desktop\vsquest\src\Entity\Behavior\Boss\Abilities\Combat\EntityBehaviorBossTrapClone.cs(12,18): error CS0534: "EntityBehaviorBossTrapClone" ╨╜╨╡ ╤А╨╡╨░╨╗╨╕╨╖╤Г╨╡╤В ╨╜╨░╤Б╨╗╨╡╨┤╤Г╨╡╨╝╤Л╨╣ ╨░╨▒╤Б╤В╤А╨░╨║╤В╨╜╤Л╨╣ ╤З╨╗╨╡╨╜ "BossAbilityBase.ActivateAbility(object, int, EntityPlayer)". [C:\Users\shado\Desktop\vsquest\vsquest.csproj]
C:\Users\shado\Desktop\vsquest\src\Entity\Behavior\Boss\Abilities\Combat\EntityBehaviorBossTrapClone.cs(12,18): error CS0534: "EntityBehaviorBossTrapClone" ╨╜╨╡ ╤А╨╡╨░╨╗╨╕╨╖╤Г╨╡╤В ╨╜╨░╤Б╨╗╨╡╨┤╤Г╨╡╨╝╤Л╨╣ ╨░╨▒╤Б╤В╤А╨░╨║╤В╨╜╤Л╨╣ ╤З╨╗╨╡╨╜ "BossAbilityBase.StopAbility()". [C:\Users\shado\Desktop\vsquest\vsquest.csproj]
C:\Users\shado\Desktop\vsquest\src\Systems\Registry\QuestActions\Handlers\Player\AllowCharSelOnceAction.cs(5,43): error CS0246: ╨Э╨╡ ╤Г╨┤╨░╨╗╨╛╤Б╤М ╨╜╨░╨╣╤В╨╕ ╤В╨╕╨┐ ╨╕╨╗╨╕ ╨╕╨╝╤П ╨┐╤А╨╛╤Б╤В╤А╨░╨╜╤Б╤В╨▓╨░ ╨╕╨╝╨╡╨╜ "PlayerActionBase" (╨▓╨╛╨╖╨╝╨╛╨╢╨╜╨╛, ╨╛╤В╤Б╤Г╤В╤Б╤В╨▓╤Г╨╡╤В ╨┤╨╕╤А╨╡╨║╤В╨╕╨▓╨░ using ╨╕╨╗╨╕ ╤Б╤Б╤Л╨╗╨║╨░ ╨╜╨░ ╤Б╨▒╨╛╤А╨║╤Г). [C:\Users\shado\Desktop\vsquest\vsquest.csproj]
C:\Users\shado\Desktop\vsquest\src\Systems\Registry\QuestActions\Handlers\Player\HealPlayerAction.cs(6,37): error CS0246: ╨Э╨╡ ╤Г╨┤╨░╨╗╨╛╤Б╤М ╨╜╨░╨╣╤В╨╕ ╤В╨╕╨┐ ╨╕╨╗╨╕ ╨╕╨╝╤П ╨┐╤А╨╛╤Б╤В╤А╨░╨╜╤Б╤В╨▓╨░ ╨╕╨╝╨╡╨╜ "PlayerActionBase" (╨▓╨╛╨╖╨╝╨╛╨╢╨╜╨╛, ╨╛╤В╤Б╤Г╤В╤Б╤В╨▓╤Г╨╡╤В ╨┤╨╕╤А╨╡╨║╤В╨╕╨▓╨░ using ╨╕╨╗╨╕ ╤Б╤Б╤Л╨╗╨║╨░ ╨╜╨░ ╤Б╨▒╨╛╤А╨║╤Г). [C:\Users\shado\Desktop\vsquest\vsquest.csproj]
C:\Users\shado\Desktop\vsquest\src\Systems\Registry\QuestActions\Handlers\Player\LandClaimAllowanceAction.cs(7,45): error CS0246: ╨Э╨╡ ╤Г╨┤╨░╨╗╨╛╤Б╤М ╨╜╨░╨╣╤В╨╕ ╤В╨╕╨┐ ╨╕╨╗╨╕ ╨╕╨╝╤П ╨┐╤А╨╛╤Б╤В╤А╨░╨╜╤Б╤В╨▓╨░ ╨╕╨╝╨╡╨╜ "PlayerActionBase" (╨▓╨╛╨╖╨╝╨╛╨╢╨╜╨╛, ╨╛╤В╤Б╤Г╤В╤Б╤В╨▓╤Г╨╡╤В ╨┤╨╕╤А╨╡╨║╤В╨╕╨▓╨░ using ╨╕╨╗╨╕ ╤Б╤Б╤Л╨╗╨║╨░ ╨╜╨░ ╤Б╨▒╨╛╤А╨║╤Г). [C:\Users\shado\Desktop\vsquest\vsquest.csproj]
C:\Users\shado\Desktop\vsquest\src\Systems\Registry\QuestActions\Handlers\Player\LandClaimMaxAreasAction.cs(7,44): error CS0246: ╨Э╨╡ ╤Г╨┤╨░╨╗╨╛╤Б╤М ╨╜╨░╨╣╤В╨╕ ╤В╨╕╨┐ ╨╕╨╗╨╕ ╨╕╨╝╤П ╨┐╤А╨╛╤Б╤В╤А╨░╨╜╤Б╤В╨▓╨░ ╨╕╨╝╨╡╨╜ "PlayerActionBase" (╨▓╨╛╨╖╨╝╨╛╨╢╨╜╨╛, ╨╛╤В╤Б╤Г╤В╤Б╤В╨▓╤Г╨╡╤В ╨┤╨╕╤А╨╡╨║╤В╨╕╨▓╨░ using ╨╕╨╗╨╕ ╤Б╤Б╤Л╨╗╨║╨░ ╨╜╨░ ╤Б╨▒╨╛╤А╨║╤Г). [C:\Users\shado\Desktop\vsquest\vsquest.csproj]
C:\Users\shado\Desktop\vsquest\src\Entity\Behavior\Boss\Abilities\Combat\EntityBehaviorExplodeOnDeath.cs(42,17): error CS0246: ╨Э╨╡ ╤Г╨┤╨░╨╗╨╛╤Б╤М ╨╜╨░╨╣╤В╨╕ ╤В╨╕╨┐ ╨╕╨╗╨╕ ╨╕╨╝╤П ╨┐╤А╨╛╤Б╤В╤А╨░╨╜╤Б╤В╨▓╨░ ╨╕╨╝╨╡╨╜ "List<>" (╨▓╨╛╨╖╨╝╨╛╨╢╨╜╨╛, ╨╛╤В╤Б╤Г╤В╤Б╤В╨▓╤Г╨╡╤В ╨┤╨╕╤А╨╡╨║╤В╨╕╨▓╨░ using ╨╕╨╗╨╕ ╤Б╤Б╤Л╨╗╨║╨░ ╨╜╨░ ╤Б╨▒╨╛╤А╨║╤Г). [C:\Users\shado\Desktop\vsquest\vsquest.csproj]
C:\Users\shado\Desktop\vsquest\src\Systems\Registry\QuestActions\Handlers\Player\RemovePlayerAttributeAction.cs(5,48): error CS0246: ╨Э╨╡ ╤Г╨┤╨░╨╗╨╛╤Б╤М ╨╜╨░╨╣╤В╨╕ ╤В╨╕╨┐ ╨╕╨╗╨╕ ╨╕╨╝╤П ╨┐╤А╨╛╤Б╤В╤А╨░╨╜╤Б╤В╨▓╨░ ╨╕╨╝╨╡╨╜ "PlayerActionBase" (╨▓╨╛╨╖╨╝╨╛╨╢╨╜╨╛, ╨╛╤В╤Б╤Г╤В╤Б╤В╨▓╤Г╨╡╤В ╨┤╨╕╤А╨╡╨║╤В╨╕╨▓╨░ using ╨╕╨╗╨╕ ╤Б╤Б╤Л╨╗╨║╨░ ╨╜╨░ ╤Б╨▒╨╛╤А╨║╤Г). [C:\Users\shado\Desktop\vsquest\vsquest.csproj]
C:\Users\shado\Desktop\vsquest\src\Systems\Registry\QuestActions\Handlers\Player\ResetWalkDistanceQuestAction.cs(5,49): error CS0246: ╨Э╨╡ ╤Г╨┤╨░╨╗╨╛╤Б╤М ╨╜╨░╨╣╤В╨╕ ╤В╨╕╨┐ ╨╕╨╗╨╕ ╨╕╨╝╤П ╨┐╤А╨╛╤Б╤В╤А╨░╨╜╤Б╤В╨▓╨░ ╨╕╨╝╨╡╨╜ "PlayerActionBase" (╨▓╨╛╨╖╨╝╨╛╨╢╨╜╨╛, ╨╛╤В╤Б╤Г╤В╤Б╤В╨▓╤Г╨╡╤В ╨┤╨╕╤А╨╡╨║╤В╨╕╨▓╨░ using ╨╕╨╗╨╕ ╤Б╤Б╤Л╨╗╨║╨░ ╨╜╨░ ╤Б╨▒╨╛╤А╨║╤Г). [C:\Users\shado\Desktop\vsquest\vsquest.csproj]
C:\Users\shado\Desktop\vsquest\src\Entity\Behavior\Boss\Abilities\Defense\EntityBehaviorBossDespair.cs(32,17): error CS0246: ╨Э╨╡ ╤Г╨┤╨░╨╗╨╛╤Б╤М ╨╜╨░╨╣╤В╨╕ ╤В╨╕╨┐ ╨╕╨╗╨╕ ╨╕╨╝╤П ╨┐╤А╨╛╤Б╤В╤А╨░╨╜╤Б╤В╨▓╨░ ╨╕╨╝╨╡╨╜ "List<>" (╨▓╨╛╨╖╨╝╨╛╨╢╨╜╨╛, ╨╛╤В╤Б╤Г╤В╤Б╤В╨▓╤Г╨╡╤В ╨┤╨╕╤А╨╡╨║╤В╨╕╨▓╨░ using ╨╕╨╗╨╕ ╤Б╤Б╤Л╨╗╨║╨░ ╨╜╨░ ╤Б╨▒╨╛╤А╨║╤Г). [C:\Users\shado\Desktop\vsquest\vsquest.csproj]
C:\Users\shado\Desktop\vsquest\src\Systems\Registry\QuestActions\Handlers\Player\AddPlayerIntAction.cs(5,39): error CS0246: ╨Э╨╡ ╤Г╨┤╨░╨╗╨╛╤Б╤М ╨╜╨░╨╣╤В╨╕ ╤В╨╕╨┐ ╨╕╨╗╨╕ ╨╕╨╝╤П ╨┐╤А╨╛╤Б╤В╤А╨░╨╜╤Б╤В╨▓╨░ ╨╕╨╝╨╡╨╜ "PlayerActionBase" (╨▓╨╛╨╖╨╝╨╛╨╢╨╜╨╛, ╨╛╤В╤Б╤Г╤В╤Б╤В╨▓╤Г╨╡╤В ╨┤╨╕╤А╨╡╨║╤В╨╕╨▓╨░ using ╨╕╨╗╨╕ ╤Б╤Б╤Л╨╗╨║╨░ ╨╜╨░ ╤Б╨▒╨╛╤А╨║╤Г). [C:\Users\shado\Desktop\vsquest\vsquest.csproj]
C:\Users\shado\Desktop\vsquest\src\Entity\Behavior\Boss\Abilities\Defense\EntityBehaviorBossDespair.cs(33,22): error CS0102: ╨в╨╕╨┐ "EntityBehaviorBossDespair" ╤Г╨╢╨╡ ╤Б╨╛╨┤╨╡╤А╨╢╨╕╤В ╨╛╨┐╤А╨╡╨┤╨╡╨╗╨╡╨╜╨╕╨╡ ╨┤╨╗╤П "soundLoopListenerId". [C:\Users\shado\Desktop\vsquest\vsquest.csproj]
C:\Users\shado\Desktop\vsquest\src\Entity\Behavior\Boss\Abilities\Defense\EntityBehaviorBossDespair.cs(194,32): error CS0111: ╨в╨╕╨┐ "EntityBehaviorBossDespair" ╤Г╨╢╨╡ ╨╛╨┐╤А╨╡╨┤╨╡╨╗╤П╨╡╤В ╤З╨╗╨╡╨╜ "GetStageCount" ╤Б ╤В╨░╨║╨╕╨╝╨╕ ╨╢╨╡ ╤В╨╕╨┐╨░╨╝╨╕ ╨┐╨░╤А╨░╨╝╨╡╤В╤А╨╛╨▓. [C:\Users\shado\Desktop\vsquest\vsquest.csproj]
C:\Users\shado\Desktop\vsquest\src\Entity\Behavior\Boss\Abilities\Defense\EntityBehaviorBossDespair.cs(195,35): error CS0111: ╨в╨╕╨┐ "EntityBehaviorBossDespair" ╤Г╨╢╨╡ ╨╛╨┐╤А╨╡╨┤╨╡╨╗╤П╨╡╤В ╤З╨╗╨╡╨╜ "GetStage" ╤Б ╤В╨░╨║╨╕╨╝╨╕ ╨╢╨╡ ╤В╨╕╨┐╨░╨╝╨╕ ╨┐╨░╤А╨░╨╝╨╡╤В╤А╨╛╨▓. [C:\Users\shado\Desktop\vsquest\vsquest.csproj]
C:\Users\shado\Desktop\vsquest\src\Entity\Behavior\Boss\Abilities\Defense\EntityBehaviorBossDespair.cs(196,34): error CS0111: ╨в╨╕╨┐ "EntityBehaviorBossDespair" ╤Г╨╢╨╡ ╨╛╨┐╤А╨╡╨┤╨╡╨╗╤П╨╡╤В ╤З╨╗╨╡╨╜ "GetStageHealthThreshold" ╤Б ╤В╨░╨║╨╕╨╝╨╕ ╨╢╨╡ ╤В╨╕╨┐╨░╨╝╨╕ ╨┐╨░╤А╨░╨╝╨╡╤В╤А╨╛╨▓. [C:\Users\shado\Desktop\vsquest\vsquest.csproj]
C:\Users\shado\Desktop\vsquest\src\Entity\Behavior\Boss\Abilities\Defense\EntityBehaviorBossDespair.cs(197,34): error CS0111: ╨в╨╕╨┐ "EntityBehaviorBossDespair" ╤Г╨╢╨╡ ╨╛╨┐╤А╨╡╨┤╨╡╨╗╤П╨╡╤В ╤З╨╗╨╡╨╜ "GetStageCooldown" ╤Б ╤В╨░╨║╨╕╨╝╨╕ ╨╢╨╡ ╤В╨╕╨┐╨░╨╝╨╕ ╨┐╨░╤А╨░╨╝╨╡╤В╤А╨╛╨▓. [C:\Users\shado\Desktop\vsquest\vsquest.csproj]
C:\Users\shado\Desktop\vsquest\src\Entity\Behavior\Boss\Abilities\Defense\EntityBehaviorBossDespair.cs(198,34): error CS0111: ╨в╨╕╨┐ "EntityBehaviorBossDespair" ╤Г╨╢╨╡ ╨╛╨┐╤А╨╡╨┤╨╡╨╗╤П╨╡╤В ╤З╨╗╨╡╨╜ "GetMaxTargetRange" ╤Б ╤В╨░╨║╨╕╨╝╨╕ ╨╢╨╡ ╤В╨╕╨┐╨░╨╝╨╕ ╨┐╨░╤А╨░╨╝╨╡╤В╤А╨╛╨▓. [C:\Users\shado\Desktop\vsquest\vsquest.csproj]
C:\Users\shado\Desktop\vsquest\src\Systems\Registry\QuestActions\Handlers\Player\AddReputationAction.cs(6,40): error CS0246: ╨Э╨╡ ╤Г╨┤╨░╨╗╨╛╤Б╤М ╨╜╨░╨╣╤В╨╕ ╤В╨╕╨┐ ╨╕╨╗╨╕ ╨╕╨╝╤П ╨┐╤А╨╛╤Б╤В╤А╨░╨╜╤Б╤В╨▓╨░ ╨╕╨╝╨╡╨╜ "PlayerActionBase" (╨▓╨╛╨╖╨╝╨╛╨╢╨╜╨╛, ╨╛╤В╤Б╤Г╤В╤Б╤В╨▓╤Г╨╡╤В ╨┤╨╕╤А╨╡╨║╤В╨╕╨▓╨░ using ╨╕╨╗╨╕ ╤Б╤Б╤Л╨╗╨║╨░ ╨╜╨░ ╤Б╨▒╨╛╤А╨║╤Г). [C:\Users\shado\Desktop\vsquest\vsquest.csproj]
C:\Users\shado\Desktop\vsquest\src\Entity\Behavior\Boss\Abilities\Phases\EntityBehaviorBossRespawn.cs(36,17): error CS0246: ╨Э╨╡ ╤Г╨┤╨░╨╗╨╛╤Б╤М ╨╜╨░╨╣╤В╨╕ ╤В╨╕╨┐ ╨╕╨╗╨╕ ╨╕╨╝╤П ╨┐╤А╨╛╤Б╤В╤А╨░╨╜╤Б╤В╨▓╨░ ╨╕╨╝╨╡╨╜ "List<>" (╨▓╨╛╨╖╨╝╨╛╨╢╨╜╨╛, ╨╛╤В╤Б╤Г╤В╤Б╤В╨▓╤Г╨╡╤В ╨┤╨╕╤А╨╡╨║╤В╨╕╨▓╨░ using ╨╕╨╗╨╕ ╤Б╤Б╤Л╨╗╨║╨░ ╨╜╨░ ╤Б╨▒╨╛╤А╨║╤Г). [C:\Users\shado\Desktop\vsquest\vsquest.csproj]
C:\Users\shado\Desktop\vsquest\src\Entity\Behavior\Boss\Abilities\Combat\EntityBehaviorBossPushback.cs(11,18): error CS0534: "EntityBehaviorBossPushback" ╨╜╨╡ ╤А╨╡╨░╨╗╨╕╨╖╤Г╨╡╤В ╨╜╨░╤Б╨╗╨╡╨┤╤Г╨╡╨╝╤Л╨╣ ╨░╨▒╤Б╤В╤А╨░╨║╤В╨╜╤Л╨╣ ╤З╨╗╨╡╨╜ "BossAbilityBase.StopAbility()". [C:\Users\shado\Desktop\vsquest\vsquest.csproj]
C:\Users\shado\Desktop\vsquest\src\Entity\Behavior\Boss\Abilities\Rituals\EntityBehaviorBossCloning.cs(149,34): error CS0246: ╨Э╨╡ ╤Г╨┤╨░╨╗╨╛╤Б╤М ╨╜╨░╨╣╤В╨╕ ╤В╨╕╨┐ ╨╕╨╗╨╕ ╨╕╨╝╤П ╨┐╤А╨╛╤Б╤В╤А╨░╨╜╤Б╤В╨▓╨░ ╨╕╨╝╨╡╨╜ "CloneStage" (╨▓╨╛╨╖╨╝╨╛╨╢╨╜╨╛, ╨╛╤В╤Б╤Г╤В╤Б╤В╨▓╤Г╨╡╤В ╨┤╨╕╤А╨╡╨║╤В╨╕╨▓╨░ using ╨╕╨╗╨╕ ╤Б╤Б╤Л╨╗╨║╨░ ╨╜╨░ ╤Б╨▒╨╛╤А╨║╤Г). [C:\Users\shado\Desktop\vsquest\vsquest.csproj]
C:\Users\shado\Desktop\vsquest\src\Entity\Behavior\Boss\Abilities\Combat\EntityBehaviorBossRandomLightning.cs(54,17): error CS0246: ╨Э╨╡ ╤Г╨┤╨░╨╗╨╛╤Б╤М ╨╜╨░╨╣╤В╨╕ ╤В╨╕╨┐ ╨╕╨╗╨╕ ╨╕╨╝╤П ╨┐╤А╨╛╤Б╤В╤А╨░╨╜╤Б╤В╨▓╨░ ╨╕╨╝╨╡╨╜ "WeatherSystem" (╨▓╨╛╨╖╨╝╨╛╨╢╨╜╨╛, ╨╛╤В╤Б╤Г╤В╤Б╤В╨▓╤Г╨╡╤В ╨┤╨╕╤А╨╡╨║╤В╨╕╨▓╨░ using ╨╕╨╗╨╕ ╤Б╤Б╤Л╨╗╨║╨░ ╨╜╨░ ╤Б╨▒╨╛╤А╨║╤Г). [C:\Users\shado\Desktop\vsquest\vsquest.csproj]
C:\Users\shado\Desktop\vsquest\src\Entity\Behavior\Boss\Abilities\Phases\EntityBehaviorBossFormSwap.cs(48,17): error CS0246: ╨Э╨╡ ╤Г╨┤╨░╨╗╨╛╤Б╤М ╨╜╨░╨╣╤В╨╕ ╤В╨╕╨┐ ╨╕╨╗╨╕ ╨╕╨╝╤П ╨┐╤А╨╛╤Б╤В╤А╨░╨╜╤Б╤В╨▓╨░ ╨╕╨╝╨╡╨╜ "List<>" (╨▓╨╛╨╖╨╝╨╛╨╢╨╜╨╛, ╨╛╤В╤Б╤Г╤В╤Б╤В╨▓╤Г╨╡╤В ╨┤╨╕╤А╨╡╨║╤В╨╕╨▓╨░ using ╨╕╨╗╨╕ ╤Б╤Б╤Л╨╗╨║╨░ ╨╜╨░ ╤Б╨▒╨╛╤А╨║╤Г). [C:\Users\shado\Desktop\vsquest\vsquest.csproj]
C:\Users\shado\Desktop\vsquest\src\Entity\Behavior\Boss\Abilities\Rituals\EntityBehaviorBossPeriodicSpawn.cs(114,36): error CS0246: ╨Э╨╡ ╤Г╨┤╨░╨╗╨╛╤Б╤М ╨╜╨░╨╣╤В╨╕ ╤В╨╕╨┐ ╨╕╨╗╨╕ ╨╕╨╝╤П ╨┐╤А╨╛╤Б╤В╤А╨░╨╜╤Б╤В╨▓╨░ ╨╕╨╝╨╡╨╜ "SpawnStage" (╨▓╨╛╨╖╨╝╨╛╨╢╨╜╨╛, ╨╛╤В╤Б╤Г╤В╤Б╤В╨▓╤Г╨╡╤В ╨┤╨╕╤А╨╡╨║╤В╨╕╨▓╨░ using ╨╕╨╗╨╕ ╤Б╤Б╤Л╨╗╨║╨░ ╨╜╨░ ╤Б╨▒╨╛╤А╨║╤Г). [C:\Users\shado\Desktop\vsquest\vsquest.csproj]
C:\Users\shado\Desktop\vsquest\src\Entity\Behavior\Boss\Abilities\Unique\EntityBehaviorBossCorpseExplosion.cs(10,18): error CS0534: "EntityBehaviorBossCorpseExplosion" ╨╜╨╡ ╤А╨╡╨░╨╗╨╕╨╖╤Г╨╡╤В ╨╜╨░╤Б╨╗╨╡╨┤╤Г╨╡╨╝╤Л╨╣ ╨░╨▒╤Б╤В╤А╨░╨║╤В╨╜╤Л╨╣ ╤З╨╗╨╡╨╜ "BossAbilityBase.StopAbility()". [C:\Users\shado\Desktop\vsquest\vsquest.csproj]
C:\Users\shado\Desktop\vsquest\src\Entity\Behavior\Boss\Abilities\Unique\EntityBehaviorBossCorpseExplosion.cs(12,26): error CS0246: ╨Э╨╡ ╤Г╨┤╨░╨╗╨╛╤Б╤М ╨╜╨░╨╣╤В╨╕ ╤В╨╕╨┐ ╨╕╨╗╨╕ ╨╕╨╝╤П ╨┐╤А╨╛╤Б╤В╤А╨░╨╜╤Б╤В╨▓╨░ ╨╕╨╝╨╡╨╜ "List<>" (╨▓╨╛╨╖╨╝╨╛╨╢╨╜╨╛, ╨╛╤В╤Б╤Г╤В╤Б╤В╨▓╤Г╨╡╤В ╨┤╨╕╤А╨╡╨║╤В╨╕╨▓╨░ using ╨╕╨╗╨╕ ╤Б╤Б╤Л╨╗╨║╨░ ╨╜╨░ ╤Б╨▒╨╛╤А╨║╤Г). [C:\Users\shado\Desktop\vsquest\vsquest.csproj]
C:\Users\shado\Desktop\vsquest\src\Entity\Behavior\Boss\Abilities\Unique\EntityBehaviorBossRequiemChains.cs(12,18): error CS0534: "EntityBehaviorBossRequiemChains" ╨╜╨╡ ╤А╨╡╨░╨╗╨╕╨╖╤Г╨╡╤В ╨╜╨░╤Б╨╗╨╡╨┤╤Г╨╡╨╝╤Л╨╣ ╨░╨▒╤Б╤В╤А╨░╨║╤В╨╜╤Л╨╣ ╤З╨╗╨╡╨╜ "BossAbilityBase.StopAbility()". [C:\Users\shado\Desktop\vsquest\vsquest.csproj]
C:\Users\shado\Desktop\vsquest\src\Entity\Behavior\Boss\Abilities\Phases\EntityBehaviorBossRebirth2.cs(58,17): error CS0246: ╨Э╨╡ ╤Г╨┤╨░╨╗╨╛╤Б╤М ╨╜╨░╨╣╤В╨╕ ╤В╨╕╨┐ ╨╕╨╗╨╕ ╨╕╨╝╤П ╨┐╤А╨╛╤Б╤В╤А╨░╨╜╤Б╤В╨▓╨░ ╨╕╨╝╨╡╨╜ "List<>" (╨▓╨╛╨╖╨╝╨╛╨╢╨╜╨╛, ╨╛╤В╤Б╤Г╤В╤Б╤В╨▓╤Г╨╡╤В ╨┤╨╕╤А╨╡╨║╤В╨╕╨▓╨░ using ╨╕╨╗╨╕ ╤Б╤Б╤Л╨╗╨║╨░ ╨╜╨░ ╤Б╨▒╨╛╤А╨║╤Г). [C:\Users\shado\Desktop\vsquest\vsquest.csproj]
    ╨Я╤А╨╡╨┤╤Г╨┐╤А╨╡╨╢╨┤╨╡╨╜╨╕╨╣: 8
    ╨Ю╤И╨╕╨▒╨╛╨║: 29

╨Я╤А╨╛╤И╨╗╨╛ ╨▓╤А╨╡╨╝╨╡╨╜╨╕ 00:00:01.89
