  ?????????????????????? ???????????????? ?????? ????????????????????????????...
  ?????? ?????????????? ?????????????????? ?????? ????????????????????????????.
C:\Users\shado\Desktop\vsquest\src\Entity\Behavior\Boss\Abilities\Combat\EntityBehaviorBossSurroundedResponse.cs(11,18): error CS0534: "EntityBehaviorBossSurroundedResponse" ???? ?????????????????? ?????????????????????? ?????????????????????? ???????? "BossAbilityBase.StopAbility()". [C:\Users\shado\Desktop\vsquest\vsquest.csproj]
C:\Users\shado\Desktop\vsquest\src\Entity\Behavior\Boss\Abilities\Combat\EntityBehaviorBossTeleport.cs(431,22): warning CS0108: "EntityBehaviorBossTeleport.TryPlayAnimation(string)" ???????????????? ?????????????????????? ???????? "BossAbilityBase.TryPlayAnimation(string)". ???????? ?????????????? ???????? ????????????????????, ?????????????????????? ???????????????? ?????????? new. [C:\Users\shado\Desktop\vsquest\vsquest.csproj]
C:\Users\shado\Desktop\vsquest\src\Entity\Behavior\Boss\Abilities\Combat\EntityBehaviorBossTrapClone.cs(851,22): warning CS0108: "EntityBehaviorBossTrapClone.TryPlayAnimation(string)" ???????????????? ?????????????????????? ???????? "BossAbilityBase.TryPlayAnimation(string)". ???????? ?????????????? ???????? ????????????????????, ?????????????????????? ???????????????? ?????????? new. [C:\Users\shado\Desktop\vsquest\vsquest.csproj]
C:\Users\shado\Desktop\vsquest\src\Entity\Behavior\Boss\Abilities\Combat\EntityBehaviorBossTrapClone.cs(12,18): error CS0534: "EntityBehaviorBossTrapClone" ???? ?????????????????? ?????????????????????? ?????????????????????? ???????? "BossAbilityBase.StopAbility()". [C:\Users\shado\Desktop\vsquest\vsquest.csproj]
C:\Users\shado\Desktop\vsquest\src\Entity\Behavior\Boss\Abilities\Combat\EntityBehaviorBossTrapClone.cs(12,18): error CS0534: "EntityBehaviorBossTrapClone" ???? ?????????????????? ?????????????????????? ?????????????????????? ???????? "BossAbilityBase.ActivateAbility(object, int, EntityPlayer)". [C:\Users\shado\Desktop\vsquest\vsquest.csproj]
C:\Users\shado\Desktop\vsquest\src\Entity\Behavior\Boss\Abilities\Combat\EntityBehaviorBossFakeTeleport.cs(27,26): warning CS0108: "EntityBehaviorBossFakeTeleport.Stage.minTargetRange" ???????????????? ?????????????????????? ???????? "BossAbilityStage.minTargetRange". ???????? ?????????????? ???????? ????????????????????, ?????????????????????? ???????????????? ?????????? new. [C:\Users\shado\Desktop\vsquest\vsquest.csproj]
C:\Users\shado\Desktop\vsquest\src\Entity\Behavior\Boss\Abilities\Combat\EntityBehaviorBossFakeTeleport.cs(28,26): warning CS0108: "EntityBehaviorBossFakeTeleport.Stage.maxTargetRange" ???????????????? ?????????????????????? ???????? "BossAbilityStage.maxTargetRange". ???????? ?????????????? ???????? ????????????????????, ?????????????????????? ???????????????? ?????????? new. [C:\Users\shado\Desktop\vsquest\vsquest.csproj]
C:\Users\shado\Desktop\vsquest\src\Entity\Behavior\Boss\Abilities\Combat\EntityBehaviorExplodeOnDeath.cs(42,17): error CS0246: ???? ?????????????? ?????????? ?????? ?????? ?????? ???????????????????????? ???????? "List<>" (????????????????, ?????????????????????? ?????????????????? using ?????? ???????????? ???? ????????????). [C:\Users\shado\Desktop\vsquest\vsquest.csproj]
C:\Users\shado\Desktop\vsquest\src\Entity\Behavior\Boss\Abilities\Phases\EntityBehaviorBossCastPhase.cs(210,22): warning CS0108: "EntityBehaviorBossCastPhase.TryPlayAnimation(string)" ???????????????? ?????????????????????? ???????? "BossAbilityBase.TryPlayAnimation(string)". ???????? ?????????????? ???????? ????????????????????, ?????????????????????? ???????????????? ?????????? new. [C:\Users\shado\Desktop\vsquest\vsquest.csproj]
C:\Users\shado\Desktop\vsquest\src\Entity\Behavior\Boss\Abilities\Defense\EntityBehaviorBossDespair.cs(32,17): error CS0246: ???? ?????????????? ?????????? ?????? ?????? ?????? ???????????????????????? ???????? "List<>" (????????????????, ?????????????????????? ?????????????????? using ?????? ???????????? ???? ????????????). [C:\Users\shado\Desktop\vsquest\vsquest.csproj]
C:\Users\shado\Desktop\vsquest\src\Entity\Behavior\Boss\Abilities\Defense\EntityBehaviorBossDespair.cs(33,22): error CS0102: ?????? "EntityBehaviorBossDespair" ?????? ???????????????? ?????????????????????? ?????? "soundLoopListenerId". [C:\Users\shado\Desktop\vsquest\vsquest.csproj]
C:\Users\shado\Desktop\vsquest\src\Entity\Behavior\Boss\Abilities\Defense\EntityBehaviorBossDespair.cs(194,32): error CS0111: ?????? "EntityBehaviorBossDespair" ?????? ???????????????????? ???????? "GetStageCount" ?? ???????????? ???? ???????????? ????????????????????. [C:\Users\shado\Desktop\vsquest\vsquest.csproj]
C:\Users\shado\Desktop\vsquest\src\Entity\Behavior\Boss\Abilities\Defense\EntityBehaviorBossDespair.cs(195,35): error CS0111: ?????? "EntityBehaviorBossDespair" ?????? ???????????????????? ???????? "GetStage" ?? ???????????? ???? ???????????? ????????????????????. [C:\Users\shado\Desktop\vsquest\vsquest.csproj]
C:\Users\shado\Desktop\vsquest\src\Entity\Behavior\Boss\Abilities\Defense\EntityBehaviorBossDespair.cs(196,34): error CS0111: ?????? "EntityBehaviorBossDespair" ?????? ???????????????????? ???????? "GetStageHealthThreshold" ?? ???????????? ???? ???????????? ????????????????????. [C:\Users\shado\Desktop\vsquest\vsquest.csproj]
C:\Users\shado\Desktop\vsquest\src\Entity\Behavior\Boss\Abilities\Defense\EntityBehaviorBossDespair.cs(197,34): error CS0111: ?????? "EntityBehaviorBossDespair" ?????? ???????????????????? ???????? "GetStageCooldown" ?? ???????????? ???? ???????????? ????????????????????. [C:\Users\shado\Desktop\vsquest\vsquest.csproj]
C:\Users\shado\Desktop\vsquest\src\Entity\Behavior\Boss\Abilities\Defense\EntityBehaviorBossDespair.cs(198,34): error CS0111: ?????? "EntityBehaviorBossDespair" ?????? ???????????????????? ???????? "GetMaxTargetRange" ?? ???????????? ???? ???????????? ????????????????????. [C:\Users\shado\Desktop\vsquest\vsquest.csproj]
C:\Users\shado\Desktop\vsquest\src\Systems\Registry\QuestActions\Handlers\Player\AddPlayerIntAction.cs(5,39): error CS0246: ???? ?????????????? ?????????? ?????? ?????? ?????? ???????????????????????? ???????? "PlayerActionBase" (????????????????, ?????????????????????? ?????????????????? using ?????? ???????????? ???? ????????????). [C:\Users\shado\Desktop\vsquest\vsquest.csproj]
C:\Users\shado\Desktop\vsquest\src\Entity\Behavior\Boss\Abilities\Phases\EntityBehaviorBossFormSwap.cs(48,17): error CS0246: ???? ?????????????? ?????????? ?????? ?????? ?????? ???????????????????????? ???????? "List<>" (????????????????, ?????????????????????? ?????????????????? using ?????? ???????????? ???? ????????????). [C:\Users\shado\Desktop\vsquest\vsquest.csproj]
C:\Users\shado\Desktop\vsquest\src\Systems\Registry\QuestActions\Handlers\Player\AddReputationAction.cs(6,40): error CS0246: ???? ?????????????? ?????????? ?????? ?????? ?????? ???????????????????????? ???????? "PlayerActionBase" (????????????????, ?????????????????????? ?????????????????? using ?????? ???????????? ???? ????????????). [C:\Users\shado\Desktop\vsquest\vsquest.csproj]
C:\Users\shado\Desktop\vsquest\src\Systems\Registry\QuestActions\Handlers\Player\AllowCharSelOnceAction.cs(5,43): error CS0246: ???? ?????????????? ?????????? ?????? ?????? ?????? ???????????????????????? ???????? "PlayerActionBase" (????????????????, ?????????????????????? ?????????????????? using ?????? ???????????? ???? ????????????). [C:\Users\shado\Desktop\vsquest\vsquest.csproj]
C:\Users\shado\Desktop\vsquest\src\Systems\Registry\QuestActions\Handlers\Player\HealPlayerAction.cs(6,37): error CS0246: ???? ?????????????? ?????????? ?????? ?????? ?????? ???????????????????????? ???????? "PlayerActionBase" (????????????????, ?????????????????????? ?????????????????? using ?????? ???????????? ???? ????????????). [C:\Users\shado\Desktop\vsquest\vsquest.csproj]
C:\Users\shado\Desktop\vsquest\src\Systems\Registry\QuestActions\Handlers\Player\LandClaimAllowanceAction.cs(7,45): error CS0246: ???? ?????????????? ?????????? ?????? ?????? ?????? ???????????????????????? ???????? "PlayerActionBase" (????????????????, ?????????????????????? ?????????????????? using ?????? ???????????? ???? ????????????). [C:\Users\shado\Desktop\vsquest\vsquest.csproj]
C:\Users\shado\Desktop\vsquest\src\Systems\Registry\QuestActions\Handlers\Player\LandClaimMaxAreasAction.cs(7,44): error CS0246: ???? ?????????????? ?????????? ?????? ?????? ?????? ???????????????????????? ???????? "PlayerActionBase" (????????????????, ?????????????????????? ?????????????????? using ?????? ???????????? ???? ????????????). [C:\Users\shado\Desktop\vsquest\vsquest.csproj]
C:\Users\shado\Desktop\vsquest\src\Systems\Registry\QuestActions\Handlers\Player\RemovePlayerAttributeAction.cs(5,48): error CS0246: ???? ?????????????? ?????????? ?????? ?????? ?????? ???????????????????????? ???????? "PlayerActionBase" (????????????????, ?????????????????????? ?????????????????? using ?????? ???????????? ???? ????????????). [C:\Users\shado\Desktop\vsquest\vsquest.csproj]
C:\Users\shado\Desktop\vsquest\src\Systems\Registry\QuestActions\Handlers\Player\ResetWalkDistanceQuestAction.cs(5,49): error CS0246: ???? ?????????????? ?????????? ?????? ?????? ?????? ???????????????????????? ???????? "PlayerActionBase" (????????????????, ?????????????????????? ?????????????????? using ?????? ???????????? ???? ????????????). [C:\Users\shado\Desktop\vsquest\vsquest.csproj]
C:\Users\shado\Desktop\vsquest\src\Entity\Behavior\Boss\Abilities\Combat\EntityBehaviorBossPushback.cs(11,18): error CS0534: "EntityBehaviorBossPushback" ???? ?????????????????? ?????????????????????? ?????????????????????? ???????? "BossAbilityBase.StopAbility()". [C:\Users\shado\Desktop\vsquest\vsquest.csproj]
C:\Users\shado\Desktop\vsquest\src\Entity\Behavior\Boss\Abilities\Phases\EntityBehaviorBossRebirth2.cs(58,17): error CS0246: ???? ?????????????? ?????????? ?????? ?????? ?????? ???????????????????????? ???????? "List<>" (????????????????, ?????????????????????? ?????????????????? using ?????? ???????????? ???? ????????????). [C:\Users\shado\Desktop\vsquest\vsquest.csproj]
C:\Users\shado\Desktop\vsquest\src\Entity\Behavior\Boss\Abilities\Combat\EntityBehaviorBossRandomLightning.cs(54,17): error CS0246: ???? ?????????????? ?????????? ?????? ?????? ?????? ???????????????????????? ???????? "WeatherSystem" (????????????????, ?????????????????????? ?????????????????? using ?????? ???????????? ???? ????????????). [C:\Users\shado\Desktop\vsquest\vsquest.csproj]
C:\Users\shado\Desktop\vsquest\src\Entity\Behavior\Boss\Abilities\Phases\EntityBehaviorBossRespawn.cs(36,17): error CS0246: ???? ?????????????? ?????????? ?????? ?????? ?????? ???????????????????????? ???????? "List<>" (????????????????, ?????????????????????? ?????????????????? using ?????? ???????????? ???? ????????????). [C:\Users\shado\Desktop\vsquest\vsquest.csproj]
C:\Users\shado\Desktop\vsquest\src\Entity\Behavior\Boss\Abilities\Rituals\EntityBehaviorBossCloning.cs(149,34): error CS0246: ???? ?????????????? ?????????? ?????? ?????? ?????? ???????????????????????? ???????? "CloneStage" (????????????????, ?????????????????????? ?????????????????? using ?????? ???????????? ???? ????????????). [C:\Users\shado\Desktop\vsquest\vsquest.csproj]
C:\Users\shado\Desktop\vsquest\src\Entity\Behavior\Boss\Abilities\Rituals\EntityBehaviorBossGrowthRitual.cs(558,22): warning CS0108: "EntityBehaviorBossGrowthRitual.TryGetHealthFraction(out float)" ???????????????? ?????????????????????? ???????? "BossAbilityBase.TryGetHealthFraction(out float)". ???????? ?????????????? ???????? ????????????????????, ?????????????????????? ???????????????? ?????????? new. [C:\Users\shado\Desktop\vsquest\vsquest.csproj]
C:\Users\shado\Desktop\vsquest\src\Entity\Behavior\Boss\Abilities\Rituals\EntityBehaviorBossPeriodicSpawn.cs(114,36): error CS0246: ???? ?????????????? ?????????? ?????? ?????? ?????? ???????????????????????? ???????? "SpawnStage" (????????????????, ?????????????????????? ?????????????????? using ?????? ???????????? ???? ????????????). [C:\Users\shado\Desktop\vsquest\vsquest.csproj]
C:\Users\shado\Desktop\vsquest\src\Entity\Behavior\Boss\Abilities\Rituals\EntityBehaviorBossSummonRitual.cs(563,22): warning CS0108: "EntityBehaviorBossSummonRitual.TryPlayAnimation(string)" ???????????????? ?????????????????????? ???????? "BossAbilityBase.TryPlayAnimation(string)". ???????? ?????????????? ???????? ????????????????????, ?????????????????????? ???????????????? ?????????? new. [C:\Users\shado\Desktop\vsquest\vsquest.csproj]
C:\Users\shado\Desktop\vsquest\src\Entity\Behavior\Boss\Abilities\Unique\EntityBehaviorBossCorpseExplosion.cs(10,18): error CS0534: "EntityBehaviorBossCorpseExplosion" ???? ?????????????????? ?????????????????????? ?????????????????????? ???????? "BossAbilityBase.StopAbility()". [C:\Users\shado\Desktop\vsquest\vsquest.csproj]
C:\Users\shado\Desktop\vsquest\src\Entity\Behavior\Boss\Abilities\Unique\EntityBehaviorBossCorpseExplosion.cs(12,26): error CS0246: ???? ?????????????? ?????????? ?????? ?????? ?????? ???????????????????????? ???????? "List<>" (????????????????, ?????????????????????? ?????????????????? using ?????? ???????????? ???? ????????????). [C:\Users\shado\Desktop\vsquest\vsquest.csproj]
C:\Users\shado\Desktop\vsquest\src\Entity\Behavior\Boss\Abilities\Unique\EntityBehaviorBossRequiemChains.cs(12,18): error CS0534: "EntityBehaviorBossRequiemChains" ???? ?????????????????? ?????????????????????? ?????????????????????? ???????? "BossAbilityBase.StopAbility()". [C:\Users\shado\Desktop\vsquest\vsquest.csproj]
C:\Users\shado\Desktop\vsquest\src\Entity\Behavior\Boss\Abilities\Unique\EntityBehaviorBossRequiemChains.cs(21,26): warning CS0108: "EntityBehaviorBossRequiemChains.Stage.whenHealthRelBelow" ???????????????? ?????????????????????? ???????? "BossAbilityStage.whenHealthRelBelow". ???????? ?????????????? ???????? ????????????????????, ?????????????????????? ???????????????? ?????????? new. [C:\Users\shado\Desktop\vsquest\vsquest.csproj]

???????????? ????????????.

C:\Users\shado\Desktop\vsquest\src\Entity\Behavior\Boss\Abilities\Combat\EntityBehaviorBossTeleport.cs(431,22): warning CS0108: "EntityBehaviorBossTeleport.TryPlayAnimation(string)" ???????????????? ?????????????????????? ???????? "BossAbilityBase.TryPlayAnimation(string)". ???????? ?????????????? ???????? ????????????????????, ?????????????????????? ???????????????? ?????????? new. [C:\Users\shado\Desktop\vsquest\vsquest.csproj]
C:\Users\shado\Desktop\vsquest\src\Entity\Behavior\Boss\Abilities\Combat\EntityBehaviorBossTrapClone.cs(851,22): warning CS0108: "EntityBehaviorBossTrapClone.TryPlayAnimation(string)" ???????????????? ?????????????????????? ???????? "BossAbilityBase.TryPlayAnimation(string)". ???????? ?????????????? ???????? ????????????????????, ?????????????????????? ???????????????? ?????????? new. [C:\Users\shado\Desktop\vsquest\vsquest.csproj]
C:\Users\shado\Desktop\vsquest\src\Entity\Behavior\Boss\Abilities\Combat\EntityBehaviorBossFakeTeleport.cs(27,26): warning CS0108: "EntityBehaviorBossFakeTeleport.Stage.minTargetRange" ???????????????? ?????????????????????? ???????? "BossAbilityStage.minTargetRange". ???????? ?????????????? ???????? ????????????????????, ?????????????????????? ???????????????? ?????????? new. [C:\Users\shado\Desktop\vsquest\vsquest.csproj]
C:\Users\shado\Desktop\vsquest\src\Entity\Behavior\Boss\Abilities\Combat\EntityBehaviorBossFakeTeleport.cs(28,26): warning CS0108: "EntityBehaviorBossFakeTeleport.Stage.maxTargetRange" ???????????????? ?????????????????????? ???????? "BossAbilityStage.maxTargetRange". ???????? ?????????????? ???????? ????????????????????, ?????????????????????? ???????????????? ?????????? new. [C:\Users\shado\Desktop\vsquest\vsquest.csproj]
C:\Users\shado\Desktop\vsquest\src\Entity\Behavior\Boss\Abilities\Phases\EntityBehaviorBossCastPhase.cs(210,22): warning CS0108: "EntityBehaviorBossCastPhase.TryPlayAnimation(string)" ???????????????? ?????????????????????? ???????? "BossAbilityBase.TryPlayAnimation(string)". ???????? ?????????????? ???????? ????????????????????, ?????????????????????? ???????????????? ?????????? new. [C:\Users\shado\Desktop\vsquest\vsquest.csproj]
C:\Users\shado\Desktop\vsquest\src\Entity\Behavior\Boss\Abilities\Rituals\EntityBehaviorBossGrowthRitual.cs(558,22): warning CS0108: "EntityBehaviorBossGrowthRitual.TryGetHealthFraction(out float)" ???????????????? ?????????????????????? ???????? "BossAbilityBase.TryGetHealthFraction(out float)". ???????? ?????????????? ???????? ????????????????????, ?????????????????????? ???????????????? ?????????? new. [C:\Users\shado\Desktop\vsquest\vsquest.csproj]
C:\Users\shado\Desktop\vsquest\src\Entity\Behavior\Boss\Abilities\Rituals\EntityBehaviorBossSummonRitual.cs(563,22): warning CS0108: "EntityBehaviorBossSummonRitual.TryPlayAnimation(string)" ???????????????? ?????????????????????? ???????? "BossAbilityBase.TryPlayAnimation(string)". ???????? ?????????????? ???????? ????????????????????, ?????????????????????? ???????????????? ?????????? new. [C:\Users\shado\Desktop\vsquest\vsquest.csproj]
C:\Users\shado\Desktop\vsquest\src\Entity\Behavior\Boss\Abilities\Unique\EntityBehaviorBossRequiemChains.cs(21,26): warning CS0108: "EntityBehaviorBossRequiemChains.Stage.whenHealthRelBelow" ???????????????? ?????????????????????? ???????? "BossAbilityStage.whenHealthRelBelow". ???????? ?????????????? ???????? ????????????????????, ?????????????????????? ???????????????? ?????????? new. [C:\Users\shado\Desktop\vsquest\vsquest.csproj]
C:\Users\shado\Desktop\vsquest\src\Entity\Behavior\Boss\Abilities\Combat\EntityBehaviorBossSurroundedResponse.cs(11,18): error CS0534: "EntityBehaviorBossSurroundedResponse" ???? ?????????????????? ?????????????????????? ?????????????????????? ???????? "BossAbilityBase.StopAbility()". [C:\Users\shado\Desktop\vsquest\vsquest.csproj]
C:\Users\shado\Desktop\vsquest\src\Entity\Behavior\Boss\Abilities\Combat\EntityBehaviorBossTrapClone.cs(12,18): error CS0534: "EntityBehaviorBossTrapClone" ???? ?????????????????? ?????????????????????? ?????????????????????? ???????? "BossAbilityBase.StopAbility()". [C:\Users\shado\Desktop\vsquest\vsquest.csproj]
C:\Users\shado\Desktop\vsquest\src\Entity\Behavior\Boss\Abilities\Combat\EntityBehaviorBossTrapClone.cs(12,18): error CS0534: "EntityBehaviorBossTrapClone" ???? ?????????????????? ?????????????????????? ?????????????????????? ???????? "BossAbilityBase.ActivateAbility(object, int, EntityPlayer)". [C:\Users\shado\Desktop\vsquest\vsquest.csproj]
C:\Users\shado\Desktop\vsquest\src\Entity\Behavior\Boss\Abilities\Combat\EntityBehaviorExplodeOnDeath.cs(42,17): error CS0246: ???? ?????????????? ?????????? ?????? ?????? ?????? ???????????????????????? ???????? "List<>" (????????????????, ?????????????????????? ?????????????????? using ?????? ???????????? ???? ????????????). [C:\Users\shado\Desktop\vsquest\vsquest.csproj]
C:\Users\shado\Desktop\vsquest\src\Entity\Behavior\Boss\Abilities\Defense\EntityBehaviorBossDespair.cs(32,17): error CS0246: ???? ?????????????? ?????????? ?????? ?????? ?????? ???????????????????????? ???????? "List<>" (????????????????, ?????????????????????? ?????????????????? using ?????? ???????????? ???? ????????????). [C:\Users\shado\Desktop\vsquest\vsquest.csproj]
C:\Users\shado\Desktop\vsquest\src\Entity\Behavior\Boss\Abilities\Defense\EntityBehaviorBossDespair.cs(33,22): error CS0102: ?????? "EntityBehaviorBossDespair" ?????? ???????????????? ?????????????????????? ?????? "soundLoopListenerId". [C:\Users\shado\Desktop\vsquest\vsquest.csproj]
C:\Users\shado\Desktop\vsquest\src\Entity\Behavior\Boss\Abilities\Defense\EntityBehaviorBossDespair.cs(194,32): error CS0111: ?????? "EntityBehaviorBossDespair" ?????? ???????????????????? ???????? "GetStageCount" ?? ???????????? ???? ???????????? ????????????????????. [C:\Users\shado\Desktop\vsquest\vsquest.csproj]
C:\Users\shado\Desktop\vsquest\src\Entity\Behavior\Boss\Abilities\Defense\EntityBehaviorBossDespair.cs(195,35): error CS0111: ?????? "EntityBehaviorBossDespair" ?????? ???????????????????? ???????? "GetStage" ?? ???????????? ???? ???????????? ????????????????????. [C:\Users\shado\Desktop\vsquest\vsquest.csproj]
C:\Users\shado\Desktop\vsquest\src\Entity\Behavior\Boss\Abilities\Defense\EntityBehaviorBossDespair.cs(196,34): error CS0111: ?????? "EntityBehaviorBossDespair" ?????? ???????????????????? ???????? "GetStageHealthThreshold" ?? ???????????? ???? ???????????? ????????????????????. [C:\Users\shado\Desktop\vsquest\vsquest.csproj]
C:\Users\shado\Desktop\vsquest\src\Entity\Behavior\Boss\Abilities\Defense\EntityBehaviorBossDespair.cs(197,34): error CS0111: ?????? "EntityBehaviorBossDespair" ?????? ???????????????????? ???????? "GetStageCooldown" ?? ???????????? ???? ???????????? ????????????????????. [C:\Users\shado\Desktop\vsquest\vsquest.csproj]
C:\Users\shado\Desktop\vsquest\src\Entity\Behavior\Boss\Abilities\Defense\EntityBehaviorBossDespair.cs(198,34): error CS0111: ?????? "EntityBehaviorBossDespair" ?????? ???????????????????? ???????? "GetMaxTargetRange" ?? ???????????? ???? ???????????? ????????????????????. [C:\Users\shado\Desktop\vsquest\vsquest.csproj]
C:\Users\shado\Desktop\vsquest\src\Systems\Registry\QuestActions\Handlers\Player\AddPlayerIntAction.cs(5,39): error CS0246: ???? ?????????????? ?????????? ?????? ?????? ?????? ???????????????????????? ???????? "PlayerActionBase" (????????????????, ?????????????????????? ?????????????????? using ?????? ???????????? ???? ????????????). [C:\Users\shado\Desktop\vsquest\vsquest.csproj]
C:\Users\shado\Desktop\vsquest\src\Entity\Behavior\Boss\Abilities\Phases\EntityBehaviorBossFormSwap.cs(48,17): error CS0246: ???? ?????????????? ?????????? ?????? ?????? ?????? ???????????????????????? ???????? "List<>" (????????????????, ?????????????????????? ?????????????????? using ?????? ???????????? ???? ????????????). [C:\Users\shado\Desktop\vsquest\vsquest.csproj]
C:\Users\shado\Desktop\vsquest\src\Systems\Registry\QuestActions\Handlers\Player\AddReputationAction.cs(6,40): error CS0246: ???? ?????????????? ?????????? ?????? ?????? ?????? ???????????????????????? ???????? "PlayerActionBase" (????????????????, ?????????????????????? ?????????????????? using ?????? ???????????? ???? ????????????). [C:\Users\shado\Desktop\vsquest\vsquest.csproj]
C:\Users\shado\Desktop\vsquest\src\Systems\Registry\QuestActions\Handlers\Player\AllowCharSelOnceAction.cs(5,43): error CS0246: ???? ?????????????? ?????????? ?????? ?????? ?????? ???????????????????????? ???????? "PlayerActionBase" (????????????????, ?????????????????????? ?????????????????? using ?????? ???????????? ???? ????????????). [C:\Users\shado\Desktop\vsquest\vsquest.csproj]
C:\Users\shado\Desktop\vsquest\src\Systems\Registry\QuestActions\Handlers\Player\HealPlayerAction.cs(6,37): error CS0246: ???? ?????????????? ?????????? ?????? ?????? ?????? ???????????????????????? ???????? "PlayerActionBase" (????????????????, ?????????????????????? ?????????????????? using ?????? ???????????? ???? ????????????). [C:\Users\shado\Desktop\vsquest\vsquest.csproj]
C:\Users\shado\Desktop\vsquest\src\Systems\Registry\QuestActions\Handlers\Player\LandClaimAllowanceAction.cs(7,45): error CS0246: ???? ?????????????? ?????????? ?????? ?????? ?????? ???????????????????????? ???????? "PlayerActionBase" (????????????????, ?????????????????????? ?????????????????? using ?????? ???????????? ???? ????????????). [C:\Users\shado\Desktop\vsquest\vsquest.csproj]
C:\Users\shado\Desktop\vsquest\src\Systems\Registry\QuestActions\Handlers\Player\LandClaimMaxAreasAction.cs(7,44): error CS0246: ???? ?????????????? ?????????? ?????? ?????? ?????? ???????????????????????? ???????? "PlayerActionBase" (????????????????, ?????????????????????? ?????????????????? using ?????? ???????????? ???? ????????????). [C:\Users\shado\Desktop\vsquest\vsquest.csproj]
C:\Users\shado\Desktop\vsquest\src\Systems\Registry\QuestActions\Handlers\Player\RemovePlayerAttributeAction.cs(5,48): error CS0246: ???? ?????????????? ?????????? ?????? ?????? ?????? ???????????????????????? ???????? "PlayerActionBase" (????????????????, ?????????????????????? ?????????????????? using ?????? ???????????? ???? ????????????). [C:\Users\shado\Desktop\vsquest\vsquest.csproj]
C:\Users\shado\Desktop\vsquest\src\Systems\Registry\QuestActions\Handlers\Player\ResetWalkDistanceQuestAction.cs(5,49): error CS0246: ???? ?????????????? ?????????? ?????? ?????? ?????? ???????????????????????? ???????? "PlayerActionBase" (????????????????, ?????????????????????? ?????????????????? using ?????? ???????????? ???? ????????????). [C:\Users\shado\Desktop\vsquest\vsquest.csproj]
C:\Users\shado\Desktop\vsquest\src\Entity\Behavior\Boss\Abilities\Combat\EntityBehaviorBossPushback.cs(11,18): error CS0534: "EntityBehaviorBossPushback" ???? ?????????????????? ?????????????????????? ?????????????????????? ???????? "BossAbilityBase.StopAbility()". [C:\Users\shado\Desktop\vsquest\vsquest.csproj]
C:\Users\shado\Desktop\vsquest\src\Entity\Behavior\Boss\Abilities\Phases\EntityBehaviorBossRebirth2.cs(58,17): error CS0246: ???? ?????????????? ?????????? ?????? ?????? ?????? ???????????????????????? ???????? "List<>" (????????????????, ?????????????????????? ?????????????????? using ?????? ???????????? ???? ????????????). [C:\Users\shado\Desktop\vsquest\vsquest.csproj]
C:\Users\shado\Desktop\vsquest\src\Entity\Behavior\Boss\Abilities\Combat\EntityBehaviorBossRandomLightning.cs(54,17): error CS0246: ???? ?????????????? ?????????? ?????? ?????? ?????? ???????????????????????? ???????? "WeatherSystem" (????????????????, ?????????????????????? ?????????????????? using ?????? ???????????? ???? ????????????). [C:\Users\shado\Desktop\vsquest\vsquest.csproj]
C:\Users\shado\Desktop\vsquest\src\Entity\Behavior\Boss\Abilities\Phases\EntityBehaviorBossRespawn.cs(36,17): error CS0246: ???? ?????????????? ?????????? ?????? ?????? ?????? ???????????????????????? ???????? "List<>" (????????????????, ?????????????????????? ?????????????????? using ?????? ???????????? ???? ????????????). [C:\Users\shado\Desktop\vsquest\vsquest.csproj]
C:\Users\shado\Desktop\vsquest\src\Entity\Behavior\Boss\Abilities\Rituals\EntityBehaviorBossCloning.cs(149,34): error CS0246: ???? ?????????????? ?????????? ?????? ?????? ?????? ???????????????????????? ???????? "CloneStage" (????????????????, ?????????????????????? ?????????????????? using ?????? ???????????? ???? ????????????). [C:\Users\shado\Desktop\vsquest\vsquest.csproj]
C:\Users\shado\Desktop\vsquest\src\Entity\Behavior\Boss\Abilities\Rituals\EntityBehaviorBossPeriodicSpawn.cs(114,36): error CS0246: ???? ?????????????? ?????????? ?????? ?????? ?????? ???????????????????????? ???????? "SpawnStage" (????????????????, ?????????????????????? ?????????????????? using ?????? ???????????? ???? ????????????). [C:\Users\shado\Desktop\vsquest\vsquest.csproj]
C:\Users\shado\Desktop\vsquest\src\Entity\Behavior\Boss\Abilities\Unique\EntityBehaviorBossCorpseExplosion.cs(10,18): error CS0534: "EntityBehaviorBossCorpseExplosion" ???? ?????????????????? ?????????????????????? ?????????????????????? ???????? "BossAbilityBase.StopAbility()". [C:\Users\shado\Desktop\vsquest\vsquest.csproj]
C:\Users\shado\Desktop\vsquest\src\Entity\Behavior\Boss\Abilities\Unique\EntityBehaviorBossCorpseExplosion.cs(12,26): error CS0246: ???? ?????????????? ?????????? ?????? ?????? ?????? ???????????????????????? ???????? "List<>" (????????????????, ?????????????????????? ?????????????????? using ?????? ???????????? ???? ????????????). [C:\Users\shado\Desktop\vsquest\vsquest.csproj]
C:\Users\shado\Desktop\vsquest\src\Entity\Behavior\Boss\Abilities\Unique\EntityBehaviorBossRequiemChains.cs(12,18): error CS0534: "EntityBehaviorBossRequiemChains" ???? ?????????????????? ?????????????????????? ?????????????????????? ???????? "BossAbilityBase.StopAbility()". [C:\Users\shado\Desktop\vsquest\vsquest.csproj]
    ????????????????????????????: 8
    ????????????: 29

???????????? ?????????????? 00:00:01.90
